Archive member included to satisfy reference by file (symbol)

/Applications/ArmGNUToolchain/12.3.rel1/arm-none-eabi/bin/../lib/gcc/arm-none-eabi/12.3.1/thumb/v7e-m+fp/hard/libgcc.a(_aeabi_ldivmod.o)
                              CMakeFiles/UOSM-Motor-Controller-MCU-L432.elf.dir/Drivers/STM32L4xx_HAL_Driver/Src/stm32l4xx_hal_uart.c.obj (__aeabi_ldivmod)
/Applications/ArmGNUToolchain/12.3.rel1/arm-none-eabi/bin/../lib/gcc/arm-none-eabi/12.3.1/thumb/v7e-m+fp/hard/libgcc.a(_aeabi_uldivmod.o)
                              CMakeFiles/UOSM-Motor-Controller-MCU-L432.elf.dir/Drivers/STM32L4xx_HAL_Driver/Src/stm32l4xx_hal_uart.c.obj (__aeabi_uldivmod)
/Applications/ArmGNUToolchain/12.3.rel1/arm-none-eabi/bin/../lib/gcc/arm-none-eabi/12.3.1/thumb/v7e-m+fp/hard/libgcc.a(_udivmoddi4.o)
                              /Applications/ArmGNUToolchain/12.3.rel1/arm-none-eabi/bin/../lib/gcc/arm-none-eabi/12.3.1/thumb/v7e-m+fp/hard/libgcc.a(_aeabi_ldivmod.o) (__udivmoddi4)
/Applications/ArmGNUToolchain/12.3.rel1/arm-none-eabi/bin/../lib/gcc/arm-none-eabi/12.3.1/thumb/v7e-m+fp/hard/libgcc.a(_dvmd_tls.o)
                              /Applications/ArmGNUToolchain/12.3.rel1/arm-none-eabi/bin/../lib/gcc/arm-none-eabi/12.3.1/thumb/v7e-m+fp/hard/libgcc.a(_aeabi_ldivmod.o) (__aeabi_ldiv0)
/Applications/ArmGNUToolchain/12.3.rel1/arm-none-eabi/bin/../lib/gcc/arm-none-eabi/12.3.1/../../../../arm-none-eabi/lib/thumb/v7e-m+fp/hard/libc.a(libc_a-exit.o)
                              /Applications/ArmGNUToolchain/12.3.rel1/arm-none-eabi/bin/../lib/gcc/arm-none-eabi/12.3.1/../../../../arm-none-eabi/lib/thumb/v7e-m+fp/hard/crt0.o (exit)
/Applications/ArmGNUToolchain/12.3.rel1/arm-none-eabi/bin/../lib/gcc/arm-none-eabi/12.3.1/../../../../arm-none-eabi/lib/thumb/v7e-m+fp/hard/libc.a(libc_a-findfp.o)
                              CMakeFiles/UOSM-Motor-Controller-MCU-L432.elf.dir/Middlewares/Third_Party/FreeRTOS/Source/tasks.c.obj (__sf)
/Applications/ArmGNUToolchain/12.3.rel1/arm-none-eabi/bin/../lib/gcc/arm-none-eabi/12.3.1/../../../../arm-none-eabi/lib/thumb/v7e-m+fp/hard/libc.a(libc_a-vsprintf.o)
                              CMakeFiles/UOSM-Motor-Controller-MCU-L432.elf.dir/UOSM-Core/Drivers/SerialDebugDriver.c.obj (vsprintf)
/Applications/ArmGNUToolchain/12.3.rel1/arm-none-eabi/bin/../lib/gcc/arm-none-eabi/12.3.1/../../../../arm-none-eabi/lib/thumb/v7e-m+fp/hard/libc.a(libc_a-fwalk.o)
                              /Applications/ArmGNUToolchain/12.3.rel1/arm-none-eabi/bin/../lib/gcc/arm-none-eabi/12.3.1/../../../../arm-none-eabi/lib/thumb/v7e-m+fp/hard/libc.a(libc_a-findfp.o) (_fwalk_sglue)
/Applications/ArmGNUToolchain/12.3.rel1/arm-none-eabi/bin/../lib/gcc/arm-none-eabi/12.3.1/../../../../arm-none-eabi/lib/thumb/v7e-m+fp/hard/libc.a(libc_a-memset.o)
                              /Applications/ArmGNUToolchain/12.3.rel1/arm-none-eabi/bin/../lib/gcc/arm-none-eabi/12.3.1/../../../../arm-none-eabi/lib/thumb/v7e-m+fp/hard/crt0.o (memset)
/Applications/ArmGNUToolchain/12.3.rel1/arm-none-eabi/bin/../lib/gcc/arm-none-eabi/12.3.1/../../../../arm-none-eabi/lib/thumb/v7e-m+fp/hard/libc.a(libc_a-reent.o)
                              CMakeFiles/UOSM-Motor-Controller-MCU-L432.elf.dir/Middlewares/Third_Party/FreeRTOS/Source/tasks.c.obj (_reclaim_reent)
/Applications/ArmGNUToolchain/12.3.rel1/arm-none-eabi/bin/../lib/gcc/arm-none-eabi/12.3.1/../../../../arm-none-eabi/lib/thumb/v7e-m+fp/hard/libc.a(libc_a-impure.o)
                              CMakeFiles/UOSM-Motor-Controller-MCU-L432.elf.dir/Middlewares/Third_Party/FreeRTOS/Source/tasks.c.obj (_impure_ptr)
/Applications/ArmGNUToolchain/12.3.rel1/arm-none-eabi/bin/../lib/gcc/arm-none-eabi/12.3.1/../../../../arm-none-eabi/lib/thumb/v7e-m+fp/hard/libc.a(libc_a-errno.o)
                              CMakeFiles/UOSM-Motor-Controller-MCU-L432.elf.dir/Core/Src/syscalls.c.obj (__errno)
/Applications/ArmGNUToolchain/12.3.rel1/arm-none-eabi/bin/../lib/gcc/arm-none-eabi/12.3.1/../../../../arm-none-eabi/lib/thumb/v7e-m+fp/hard/libc.a(libc_a-init.o)
                              /Applications/ArmGNUToolchain/12.3.rel1/arm-none-eabi/bin/../lib/gcc/arm-none-eabi/12.3.1/../../../../arm-none-eabi/lib/thumb/v7e-m+fp/hard/crt0.o (__libc_init_array)
/Applications/ArmGNUToolchain/12.3.rel1/arm-none-eabi/bin/../lib/gcc/arm-none-eabi/12.3.1/../../../../arm-none-eabi/lib/thumb/v7e-m+fp/hard/libc.a(libc_a-lock.o)
                              /Applications/ArmGNUToolchain/12.3.rel1/arm-none-eabi/bin/../lib/gcc/arm-none-eabi/12.3.1/../../../../arm-none-eabi/lib/thumb/v7e-m+fp/hard/libc.a(libc_a-findfp.o) (__retarget_lock_init_recursive)
/Applications/ArmGNUToolchain/12.3.rel1/arm-none-eabi/bin/../lib/gcc/arm-none-eabi/12.3.1/../../../../arm-none-eabi/lib/thumb/v7e-m+fp/hard/libc.a(libc_a-memcpy.o)
                              CMakeFiles/UOSM-Motor-Controller-MCU-L432.elf.dir/Middlewares/Third_Party/FreeRTOS/Source/CMSIS_RTOS_V2/cmsis_os2.c.obj (memcpy)
[...]
Memory Configuration

Name             Origin             Length             Attributes
RAM              0x20000000         0x00010000         xrw
RAM2             0x10000000         0x00004000         xrw
FLASH            0x08000000         0x00040000         xr
*default*        0x00000000         0xffffffff

Linker script and memory map

LOAD /Applications/ArmGNUToolchain/12.3.rel1/arm-none-eabi/bin/../lib/gcc/arm-none-eabi/12.3.1/thumb/v7e-m+fp/hard/crti.o
LOAD /Applications/ArmGNUToolchain/12.3.rel1/arm-none-eabi/bin/../lib/gcc/arm-none-eabi/12.3.1/thumb/v7e-m+fp/hard/crtbegin.o
LOAD /Applications/ArmGNUToolchain/12.3.rel1/arm-none-eabi/bin/../lib/gcc/arm-none-eabi/12.3.1/../../../../arm-none-eabi/lib/thumb/v7e-m+fp/hard/crt0.o
LOAD CMakeFiles/UOSM-Motor-Controller-MCU-L432.elf.dir/Core/Modules/CANCallbacks.c.obj
LOAD CMakeFiles/UOSM-Motor-Controller-MCU-L432.elf.dir/Core/Modules/DataAggregationModule.c.obj
LOAD CMakeFiles/UOSM-Motor-Controller-MCU-L432.elf.dir/Core/Modules/SafetyModule.c.obj
LOAD CMakeFiles/UOSM-Motor-Controller-MCU-L432.elf.dir/Core/Src/freertos.c.obj
LOAD CMakeFiles/UOSM-Motor-Controller-MCU-L432.elf.dir/Core/Src/main.c.obj
LOAD CMakeFiles/UOSM-Motor-Controller-MCU-L432.elf.dir/Core/Src/stm32l4xx_hal_msp.c.obj
LOAD CMakeFiles/UOSM-Motor-Controller-MCU-L432.elf.dir/Core/Src/stm32l4xx_it.c.obj
LOAD CMakeFiles/UOSM-Motor-Controller-MCU-L432.elf.dir/Core/Src/syscalls.c.obj
LOAD CMakeFiles/UOSM-Motor-Controller-MCU-L432.elf.dir/Core/Src/sysmem.c.obj
LOAD CMakeFiles/UOSM-Motor-Controller-MCU-L432.elf.dir/Core/Src/system_stm32l4xx.c.obj
LOAD CMakeFiles/UOSM-Motor-Controller-MCU-L432.elf.dir/Core/Startup/startup_stm32l432kcux.s.obj
LOAD CMakeFiles/UOSM-Motor-Controller-MCU-L432.elf.dir/Core/Tasks/InternalCommsTask.c.obj
LOAD CMakeFiles/UOSM-Motor-Controller-MCU-L432.elf.dir/Core/Tasks/MotorTask.c.obj
LOAD CMakeFiles/UOSM-Motor-Controller-MCU-L432.elf.dir/Core/Tasks/SafetyTask.c.obj
LOAD CMakeFiles/UOSM-Motor-Controller-MCU-L432.elf.dir/Core/Tasks/TaskManager.c.obj
LOAD CMakeFiles/UOSM-Motor-Controller-MCU-L432.elf.dir/Core/UserDrivers/LEDStatusDriver.c.obj
LOAD CMakeFiles/UOSM-Motor-Controller-MCU-L432.elf.dir/Core/UserDrivers/SPIMotorDriver.c.obj
LOAD CMakeFiles/UOSM-Motor-Controller-MCU-L432.elf.dir/Drivers/STM32L4xx_HAL_Driver/Src/stm32l4xx_hal.c.obj
LOAD CMakeFiles/UOSM-Motor-Controller-MCU-L432.elf.dir/Drivers/STM32L4xx_HAL_Driver/Src/stm32l4xx_hal_cortex.c.obj
LOAD CMakeFiles/UOSM-Motor-Controller-MCU-L432.elf.dir/Drivers/STM32L4xx_HAL_Driver/Src/stm32l4xx_hal_dma.c.obj
LOAD CMakeFiles/UOSM-Motor-Controller-MCU-L432.elf.dir/Drivers/STM32L4xx_HAL_Driver/Src/stm32l4xx_hal_dma_ex.c.obj
LOAD CMakeFiles/UOSM-Motor-Controller-MCU-L432.elf.dir/Drivers/STM32L4xx_HAL_Driver/Src/stm32l4xx_hal_exti.c.obj
LOAD CMakeFiles/UOSM-Motor-Controller-MCU-L432.elf.dir/Drivers/STM32L4xx_HAL_Driver/Src/stm32l4xx_hal_flash.c.obj
LOAD CMakeFiles/UOSM-Motor-Controller-MCU-L432.elf.dir/Drivers/STM32L4xx_HAL_Driver/Src/stm32l4xx_hal_flash_ex.c.obj
LOAD CMakeFiles/UOSM-Motor-Controller-MCU-L432.elf.dir/Drivers/STM32L4xx_HAL_Driver/Src/stm32l4xx_hal_flash_ramfunc.c.obj
LOAD CMakeFiles/UOSM-Motor-Controller-MCU-L432.elf.dir/Drivers/STM32L4xx_HAL_Driver/Src/stm32l4xx_hal_gpio.c.obj
LOAD CMakeFiles/UOSM-Motor-Controller-MCU-L432.elf.dir/Drivers/STM32L4xx_HAL_Driver/Src/stm32l4xx_hal_i2c.c.obj
LOAD CMakeFiles/UOSM-Motor-Controller-MCU-L432.elf.dir/Drivers/STM32L4xx_HAL_Driver/Src/stm32l4xx_hal_i2c_ex.c.obj
LOAD CMakeFiles/UOSM-Motor-Controller-MCU-L432.elf.dir/Drivers/STM32L4xx_HAL_Driver/Src/stm32l4xx_hal_pwr.c.obj
LOAD CMakeFiles/UOSM-Motor-Controller-MCU-L432.elf.dir/Drivers/STM32L4xx_HAL_Driver/Src/stm32l4xx_hal_pwr_ex.c.obj
LOAD CMakeFiles/UOSM-Motor-Controller-MCU-L432.elf.dir/Drivers/STM32L4xx_HAL_Driver/Src/stm32l4xx_hal_rcc.c.obj
LOAD CMakeFiles/UOSM-Motor-Controller-MCU-L432.elf.dir/Drivers/STM32L4xx_HAL_Driver/Src/stm32l4xx_hal_rcc_ex.c.obj
LOAD CMakeFiles/UOSM-Motor-Controller-MCU-L432.elf.dir/Drivers/STM32L4xx_HAL_Driver/Src/stm32l4xx_hal_rtc.c.obj
LOAD CMakeFiles/UOSM-Motor-Controller-MCU-L432.elf.dir/Drivers/STM32L4xx_HAL_Driver/Src/stm32l4xx_hal_rtc_ex.c.obj
LOAD CMakeFiles/UOSM-Motor-Controller-MCU-L432.elf.dir/Drivers/STM32L4xx_HAL_Driver/Src/stm32l4xx_hal_spi.c.obj
LOAD CMakeFiles/UOSM-Motor-Controller-MCU-L432.elf.dir/Drivers/STM32L4xx_HAL_Driver/Src/stm32l4xx_hal_spi_ex.c.obj
LOAD CMakeFiles/UOSM-Motor-Controller-MCU-L432.elf.dir/Drivers/STM32L4xx_HAL_Driver/Src/stm32l4xx_hal_tim.c.obj
LOAD CMakeFiles/UOSM-Motor-Controller-MCU-L432.elf.dir/Drivers/STM32L4xx_HAL_Driver/Src/stm32l4xx_hal_tim_ex.c.obj
LOAD CMakeFiles/UOSM-Motor-Controller-MCU-L432.elf.dir/Drivers/STM32L4xx_HAL_Driver/Src/stm32l4xx_hal_uart.c.obj
LOAD CMakeFiles/UOSM-Motor-Controller-MCU-L432.elf.dir/Drivers/STM32L4xx_HAL_Driver/Src/stm32l4xx_hal_uart_ex.c.obj
LOAD CMakeFiles/UOSM-Motor-Controller-MCU-L432.elf.dir/Drivers/tmc/helpers/CRC.c.obj
LOAD CMakeFiles/UOSM-Motor-Controller-MCU-L432.elf.dir/Drivers/tmc/helpers/Functions.c.obj
LOAD CMakeFiles/UOSM-Motor-Controller-MCU-L432.elf.dir/Drivers/tmc/ic/TMC4671/TMC4671.c.obj
LOAD CMakeFiles/UOSM-Motor-Controller-MCU-L432.elf.dir/Drivers/tmc/ic/TMC6200/TMC6200.c.obj
LOAD CMakeFiles/UOSM-Motor-Controller-MCU-L432.elf.dir/Middlewares/Third_Party/FreeRTOS/Source/CMSIS_RTOS_V2/cmsis_os2.c.obj
LOAD CMakeFiles/UOSM-Motor-Controller-MCU-L432.elf.dir/Middlewares/Third_Party/FreeRTOS/Source/croutine.c.obj
LOAD CMakeFiles/UOSM-Motor-Controller-MCU-L432.elf.dir/Middlewares/Third_Party/FreeRTOS/Source/event_groups.c.obj
LOAD CMakeFiles/UOSM-Motor-Controller-MCU-L432.elf.dir/Middlewares/Third_Party/FreeRTOS/Source/list.c.obj
LOAD CMakeFiles/UOSM-Motor-Controller-MCU-L432.elf.dir/Middlewares/Third_Party/FreeRTOS/Source/portable/GCC/ARM_CM4F/port.c.obj
LOAD CMakeFiles/UOSM-Motor-Controller-MCU-L432.elf.dir/Middlewares/Third_Party/FreeRTOS/Source/portable/MemMang/heap_4.c.obj
LOAD CMakeFiles/UOSM-Motor-Controller-MCU-L432.elf.dir/Middlewares/Third_Party/FreeRTOS/Source/queue.c.obj
LOAD CMakeFiles/UOSM-Motor-Controller-MCU-L432.elf.dir/Middlewares/Third_Party/FreeRTOS/Source/stream_buffer.c.obj
LOAD CMakeFiles/UOSM-Motor-Controller-MCU-L432.elf.dir/Middlewares/Third_Party/FreeRTOS/Source/tasks.c.obj
LOAD CMakeFiles/UOSM-Motor-Controller-MCU-L432.elf.dir/Middlewares/Third_Party/FreeRTOS/Source/timers.c.obj
LOAD CMakeFiles/UOSM-Motor-Controller-MCU-L432.elf.dir/UOSM-Core/Drivers/BackupRegister.c.obj
LOAD CMakeFiles/UOSM-Motor-Controller-MCU-L432.elf.dir/UOSM-Core/Drivers/CANDriver.c.obj
LOAD CMakeFiles/UOSM-Motor-Controller-MCU-L432.elf.dir/UOSM-Core/Drivers/MCP2515.c.obj
LOAD CMakeFiles/UOSM-Motor-Controller-MCU-L432.elf.dir/UOSM-Core/Drivers/SerialDebugDriver.c.obj
LOAD CMakeFiles/UOSM-Motor-Controller-MCU-L432.elf.dir/UOSM-Core/Modules/CANMessageLookUpModule.c.obj
LOAD CMakeFiles/UOSM-Motor-Controller-MCU-L432.elf.dir/UOSM-Core/Modules/InternalCommsModule.c.obj
LOAD CMakeFiles/UOSM-Motor-Controller-MCU-L432.elf.dir/UOSM-Core/Utils/Identifiable.cpp.obj
LOAD /Applications/ArmGNUToolchain/12.3.rel1/arm-none-eabi/bin/../lib/gcc/arm-none-eabi/12.3.1/../../../../arm-none-eabi/lib/thumb/v7e-m+fp/hard/libstdc++.a
LOAD /Applications/ArmGNUToolchain/12.3.rel1/arm-none-eabi/bin/../lib/gcc/arm-none-eabi/12.3.1/../../../../arm-none-eabi/lib/thumb/v7e-m+fp/hard/libm.a
START GROUP
LOAD /Applications/ArmGNUToolchain/12.3.rel1/arm-none-eabi/bin/../lib/gcc/arm-none-eabi/12.3.1/thumb/v7e-m+fp/hard/libgcc.a
LOAD /Applications/ArmGNUToolchain/12.3.rel1/arm-none-eabi/bin/../lib/gcc/arm-none-eabi/12.3.1/../../../../arm-none-eabi/lib/thumb/v7e-m+fp/hard/libc.a
END GROUP
LOAD /Applications/ArmGNUToolchain/12.3.rel1/arm-none-eabi/bin/../lib/gcc/arm-none-eabi/12.3.1/thumb/v7e-m+fp/hard/crtend.o
LOAD /Applications/ArmGNUToolchain/12.3.rel1/arm-none-eabi/bin/../lib/gcc/arm-none-eabi/12.3.1/thumb/v7e-m+fp/hard/crtn.o
                0x20010000                        _estack = (ORIGIN (RAM) + LENGTH (RAM))
                0x00000a00                        _Min_Heap_Size = 0xa00
                0x00000400                        _Min_Stack_Size = 0x400

.isr_vector     0x08000000      0x18c
                0x08000000                        . = ALIGN (0x4)
 *(.isr_vector)
 .isr_vector    0x08000000      0x18c CMakeFiles/UOSM-Motor-Controller-MCU-L432.elf.dir/Core/Startup/startup_stm32l432kcux.s.obj
                0x08000000                g_pfnVectors
                0x0800018c                        . = ALIGN (0x4)

.text           0x080001c0     0xd578
                0x080001c0                        . = ALIGN (0x4)
 *(.text)
 .text          0x080001c0       0x30 /Applications/ArmGNUToolchain/12.3.rel1/arm-none-eabi/bin/../lib/gcc/arm-none-eabi/12.3.1/thumb/v7e-m+fp/hard/libgcc.a(_aeabi_uldivmod.o)
                0x080001c0                __aeabi_uldivmod
 .text          0x080001f0        0x4 /Applications/ArmGNUToolchain/12.3.rel1/arm-none-eabi/bin/../lib/gcc/arm-none-eabi/12.3.1/thumb/v7e-m+fp/hard/libgcc.a(_dvmd_tls.o)
                0x080001f0                __aeabi_ldiv0
                0x080001f0                __aeabi_idiv0
 .text          0x080001f4      0x134 /Applications/ArmGNUToolchain/12.3.rel1/arm-none-eabi/bin/../lib/gcc/arm-none-eabi/12.3.1/../../../../arm-none-eabi/lib/thumb/v7e-m+fp/hard/libc.a(libc_a-memcpy.o)
                0x080001f4                memcpy
 *fill*         0x08000328        0x8 
 .text          0x08000330       0xa0 /Applications/ArmGNUToolchain/12.3.rel1/arm-none-eabi/bin/../lib/gcc/arm-none-eabi/12.3.1/../../../../arm-none-eabi/lib/thumb/v7e-m+fp/hard/libc.a(libc_a-memchr.o)
                0x08000330                memchr
 *fill*         0x080003d0       0x30 
 .text          0x08000400       0xd8 /Applications/ArmGNUToolchain/12.3.rel1/arm-none-eabi/bin/../lib/gcc/arm-none-eabi/12.3.1/../../../../arm-none-eabi/lib/thumb/v7e-m+fp/hard/libc.a(libc_a-strlen.o)
                0x08000400                strlen
 .text          0x080004d8      0x378 /Applications/ArmGNUToolchain/12.3.rel1/arm-none-eabi/bin/../lib/gcc/arm-none-eabi/12.3.1/thumb/v7e-m+fp/hard/libgcc.a(_arm_addsubdf3.o)
                0x080004d8                __aeabi_drsub
                0x080004e0                __subdf3
                0x080004e0                __aeabi_dsub
                0x080004e4                __aeabi_dadd
                0x080004e4                __adddf3
                0x0800075c                __aeabi_ui2d
                0x0800075c                __floatunsidf
                0x0800077c                __floatsidf
                0x0800077c                __aeabi_i2d
                0x080007a0                __extendsfdf2
                0x080007a0                __aeabi_f2d
                0x080007e4                __aeabi_ul2d
                0x080007e4                __floatundidf
                0x080007f4                __aeabi_l2d
                0x080007f4                __floatdidf
 .text          0x08000850      0x424 /Applications/ArmGNUToolchain/12.3.rel1/arm-none-eabi/bin/../lib/gcc/arm-none-eabi/12.3.1/thumb/v7e-m+fp/hard/libgcc.a(_arm_muldivdf3.o)
                0x08000850                __aeabi_dmul
                0x08000850                __muldf3
                0x08000aa4                __aeabi_ddiv
                0x08000aa4                __divdf3
 .text          0x08000c74      0x110 /Applications/ArmGNUToolchain/12.3.rel1/arm-none-eabi/bin/../lib/gcc/arm-none-eabi/12.3.1/thumb/v7e-m+fp/hard/libgcc.a(_arm_cmpdf2.o)
                0x08000c74                __gedf2
                0x08000c74                __gtdf2
                0x08000c7c                __ledf2
                0x08000c7c                __ltdf2
                0x08000c84                __cmpdf2
                0x08000c84                __eqdf2
                0x08000c84                __nedf2
                0x08000d00                __aeabi_cdrcmple
                0x08000d10                __aeabi_cdcmple
                0x08000d10                __aeabi_cdcmpeq
                0x08000d20                __aeabi_dcmpeq
                0x08000d34                __aeabi_dcmplt
                0x08000d48                __aeabi_dcmple
                0x08000d5c                __aeabi_dcmpge
                0x08000d70                __aeabi_dcmpgt
 .text          0x08000d84       0x2c /Applications/ArmGNUToolchain/12.3.rel1/arm-none-eabi/bin/../lib/gcc/arm-none-eabi/12.3.1/thumb/v7e-m+fp/hard/libgcc.a(_arm_unorddf2.o)
                0x08000d84                __aeabi_dcmpun
                0x08000d84                __unorddf2
 .text          0x08000db0       0x50 /Applications/ArmGNUToolchain/12.3.rel1/arm-none-eabi/bin/../lib/gcc/arm-none-eabi/12.3.1/thumb/v7e-m+fp/hard/libgcc.a(_arm_fixdfsi.o)
                0x08000db0                __fixdfsi
                0x08000db0                __aeabi_d2iz
 *(.text*)
 .text.deregister_tm_clones
                0x08000e00       0x1c /Applications/ArmGNUToolchain/12.3.rel1/arm-none-eabi/bin/../lib/gcc/arm-none-eabi/12.3.1/thumb/v7e-m+fp/hard/crtbegin.o
 .text.register_tm_clones
                0x08000e1c       0x24 /Applications/ArmGNUToolchain/12.3.rel1/arm-none-eabi/bin/../lib/gcc/arm-none-eabi/12.3.1/thumb/v7e-m+fp/hard/crtbegin.o
 .text.__do_global_dtors_aux
                0x08000e40       0x28 /Applications/ArmGNUToolchain/12.3.rel1/arm-none-eabi/bin/../lib/gcc/arm-none-eabi/12.3.1/thumb/v7e-m+fp/hard/crtbegin.o
 .text.frame_dummy
                0x08000e68       0x24 /Applications/ArmGNUToolchain/12.3.rel1/arm-none-eabi/bin/../lib/gcc/arm-none-eabi/12.3.1/thumb/v7e-m+fp/hard/crtbegin.o
 .text.ThrottleDataCallback
                0x08000e8c       0x30 CMakeFiles/UOSM-Motor-Controller-MCU-L432.elf.dir/Core/Modules/CANCallbacks.c.obj
                0x08000e8c                ThrottleDataCallback
 .text.EventDataCallback
                0x08000ebc       0x54 CMakeFiles/UOSM-Motor-Controller-MCU-L432.elf.dir/Core/Modules/CANCallbacks.c.obj
                0x08000ebc                EventDataCallback
 .text.ErrorDataCallback
                0x08000f10        0x4 CMakeFiles/UOSM-Motor-Controller-MCU-L432.elf.dir/Core/Modules/CANCallbacks.c.obj
                0x08000f10                ErrorDataCallback
 .text.SpeedDataCallback
                0x08000f14        0x4 CMakeFiles/UOSM-Motor-Controller-MCU-L432.elf.dir/Core/Modules/CANCallbacks.c.obj
                0x08000f14                SpeedDataCallback
 .text.MotorRPMDataCallback
                0x08000f18        0x4 CMakeFiles/UOSM-Motor-Controller-MCU-L432.elf.dir/Core/Modules/CANCallbacks.c.obj
                0x08000f18                MotorRPMDataCallback
 .text.CurrentVoltageDataCallback
                0x08000f1c        0x4 CMakeFiles/UOSM-Motor-Controller-MCU-L432.elf.dir/Core/Modules/CANCallbacks.c.obj
                0x08000f1c                CurrentVoltageDataCallback
 .text.PressureTemperatureDataCallback
                0x08000f20        0x4 CMakeFiles/UOSM-Motor-Controller-MCU-L432.elf.dir/Core/Modules/CANCallbacks.c.obj
                0x08000f20                PressureTemperatureDataCallback
 .text.LightsDataCallback
                0x08000f24        0x4 CMakeFiles/UOSM-Motor-Controller-MCU-L432.elf.dir/Core/Modules/CANCallbacks.c.obj
                0x08000f24                LightsDataCallback
 .text.EfficiencyDataCallback
                0x08000f28        0x4 CMakeFiles/UOSM-Motor-Controller-MCU-L432.elf.dir/Core/Modules/CANCallbacks.c.obj
                0x08000f28                EfficiencyDataCallback
 .text.MotorTemperatureDataCallback
                0x08000f2c        0x4 CMakeFiles/UOSM-Motor-Controller-MCU-L432.elf.dir/Core/Modules/CANCallbacks.c.obj
                0x08000f2c                MotorTemperatureDataCallback
 .text.InitDataAggregator
                0x08000f30       0x28 CMakeFiles/UOSM-Motor-Controller-MCU-L432.elf.dir/Core/Modules/DataAggregationModule.c.obj
                0x08000f30                InitDataAggregator
 .text.SystemGetThrottlePercentage
                0x08000f58        0xc CMakeFiles/UOSM-Motor-Controller-MCU-L432.elf.dir/Core/Modules/DataAggregationModule.c.obj
                0x08000f58                SystemGetThrottlePercentage
 .text.SystemSetThrottlePercentage
                0x08000f64       0x24 CMakeFiles/UOSM-Motor-Controller-MCU-L432.elf.dir/Core/Modules/DataAggregationModule.c.obj
                0x08000f64                SystemSetThrottlePercentage
 .text.SystemGetReverseVelocity
                0x08000f88        0xc CMakeFiles/UOSM-Motor-Controller-MCU-L432.elf.dir/Core/Modules/DataAggregationModule.c.obj
                0x08000f88                SystemGetReverseVelocity
 .text.SystemGetiCommsError
                0x08000f94       0x10 CMakeFiles/UOSM-Motor-Controller-MCU-L432.elf.dir/Core/Modules/DataAggregationModule.c.obj
                0x08000f94                SystemGetiCommsError
 .text.SystemGetSPIError
                0x08000fa4       0x10 CMakeFiles/UOSM-Motor-Controller-MCU-L432.elf.dir/Core/Modules/DataAggregationModule.c.obj
                0x08000fa4                SystemGetSPIError
 .text.SystemSetSPIError
                0x08000fb4       0x10 CMakeFiles/UOSM-Motor-Controller-MCU-L432.elf.dir/Core/Modules/DataAggregationModule.c.obj
                0x08000fb4                SystemSetSPIError
 .text.SystemGetSafetyError
                0x08000fc4       0x10 CMakeFiles/UOSM-Motor-Controller-MCU-L432.elf.dir/Core/Modules/DataAggregationModule.c.obj
                0x08000fc4                SystemGetSafetyError
 .text.SystemGetThrottleError
                0x08000fd4       0x20 CMakeFiles/UOSM-Motor-Controller-MCU-L432.elf.dir/Core/Modules/DataAggregationModule.c.obj
                0x08000fd4                SystemGetThrottleError
 .text.SystemSetThrottleError
                0x08000ff4       0x1c CMakeFiles/UOSM-Motor-Controller-MCU-L432.elf.dir/Core/Modules/DataAggregationModule.c.obj
                0x08000ff4                SystemSetThrottleError
 .text.SystemGetMotorInitializing
                0x08001010       0x10 CMakeFiles/UOSM-Motor-Controller-MCU-L432.elf.dir/Core/Modules/DataAggregationModule.c.obj
                0x08001010                SystemGetMotorInitializing
 .text.SystemSetMotorInitializing
                0x08001020       0x10 CMakeFiles/UOSM-Motor-Controller-MCU-L432.elf.dir/Core/Modules/DataAggregationModule.c.obj
                0x08001020                SystemSetMotorInitializing
 .text.SystemGetMotorVelocity
                0x08001030        0xc CMakeFiles/UOSM-Motor-Controller-MCU-L432.elf.dir/Core/Modules/DataAggregationModule.c.obj
                0x08001030                SystemGetMotorVelocity
 .text.SystemSetMotorVelocity
                0x0800103c        0xc CMakeFiles/UOSM-Motor-Controller-MCU-L432.elf.dir/Core/Modules/DataAggregationModule.c.obj
                0x0800103c                SystemSetMotorVelocity
 .text.SystemSetMotorTorque
                0x08001048        0xc CMakeFiles/UOSM-Motor-Controller-MCU-L432.elf.dir/Core/Modules/DataAggregationModule.c.obj
                0x08001048                SystemSetMotorTorque
 .text.SystemSetDriverEnabled
                0x08001054       0x10 CMakeFiles/UOSM-Motor-Controller-MCU-L432.elf.dir/Core/Modules/DataAggregationModule.c.obj
                0x08001054                SystemSetDriverEnabled
 .text.Safety_SetThrottlePercentage
                0x08001064       0x24 CMakeFiles/UOSM-Motor-Controller-MCU-L432.elf.dir/Core/Modules/SafetyModule.c.obj
                0x08001064                Safety_SetThrottlePercentage
 .text.StartDefaultTask
                0x08001088        0xc CMakeFiles/UOSM-Motor-Controller-MCU-L432.elf.dir/Core/Src/main.c.obj
                0x08001088                StartDefaultTask
 .text.Error_Handler
                0x08001094       0x38 CMakeFiles/UOSM-Motor-Controller-MCU-L432.elf.dir/Core/Src/main.c.obj
                0x08001094                Error_Handler
 .text.SystemClock_Config
                0x080010cc       0x68 CMakeFiles/UOSM-Motor-Controller-MCU-L432.elf.dir/Core/Src/main.c.obj
                0x080010cc                SystemClock_Config
 .text.startup.main
                0x08001134      0x1b4 CMakeFiles/UOSM-Motor-Controller-MCU-L432.elf.dir/Core/Src/main.c.obj
                0x08001134                main
 .text.HAL_MspInit
                0x080012e8       0x40 CMakeFiles/UOSM-Motor-Controller-MCU-L432.elf.dir/Core/Src/stm32l4xx_hal_msp.c.obj
                0x080012e8                HAL_MspInit
 .text.HAL_RTC_MspInit
                0x08001328       0x50 CMakeFiles/UOSM-Motor-Controller-MCU-L432.elf.dir/Core/Src/stm32l4xx_hal_msp.c.obj
                0x08001328                HAL_RTC_MspInit
 .text.HAL_SPI_MspInit
                0x08001378       0x74 CMakeFiles/UOSM-Motor-Controller-MCU-L432.elf.dir/Core/Src/stm32l4xx_hal_msp.c.obj
                0x08001378                HAL_SPI_MspInit
 *fill*         0x080013ec        0x4 
 .text.HAL_UART_MspInit
                0x080013f0       0x98 CMakeFiles/UOSM-Motor-Controller-MCU-L432.elf.dir/Core/Src/stm32l4xx_hal_msp.c.obj
                0x080013f0                HAL_UART_MspInit
 .text.SystemReset
                0x08001488       0x34 CMakeFiles/UOSM-Motor-Controller-MCU-L432.elf.dir/Core/Src/stm32l4xx_it.c.obj
 .text.NMI_Handler
                0x080014bc        0x8 CMakeFiles/UOSM-Motor-Controller-MCU-L432.elf.dir/Core/Src/stm32l4xx_it.c.obj
                0x080014bc                NMI_Handler
 .text.HardFault_Handler
                0x080014c4        0x8 CMakeFiles/UOSM-Motor-Controller-MCU-L432.elf.dir/Core/Src/stm32l4xx_it.c.obj
                0x080014c4                HardFault_Handler
 .text.MemManage_Handler
                0x080014cc        0x8 CMakeFiles/UOSM-Motor-Controller-MCU-L432.elf.dir/Core/Src/stm32l4xx_it.c.obj
                0x080014cc                MemManage_Handler
 .text.BusFault_Handler
                0x080014d4        0x8 CMakeFiles/UOSM-Motor-Controller-MCU-L432.elf.dir/Core/Src/stm32l4xx_it.c.obj
                0x080014d4                BusFault_Handler
 .text.UsageFault_Handler
                0x080014dc        0x8 CMakeFiles/UOSM-Motor-Controller-MCU-L432.elf.dir/Core/Src/stm32l4xx_it.c.obj
                0x080014dc                UsageFault_Handler
 .text.DebugMon_Handler
                0x080014e4        0x4 CMakeFiles/UOSM-Motor-Controller-MCU-L432.elf.dir/Core/Src/stm32l4xx_it.c.obj
                0x080014e4                DebugMon_Handler
 .text.SysTick_Handler
                0x080014e8       0x18 CMakeFiles/UOSM-Motor-Controller-MCU-L432.elf.dir/Core/Src/stm32l4xx_it.c.obj
                0x080014e8                SysTick_Handler
 .text._getpid  0x08001500        0x4 CMakeFiles/UOSM-Motor-Controller-MCU-L432.elf.dir/Core/Src/syscalls.c.obj
                0x08001500                _getpid
 .text._kill    0x08001504       0x10 CMakeFiles/UOSM-Motor-Controller-MCU-L432.elf.dir/Core/Src/syscalls.c.obj
                0x08001504                _kill
 .text._exit    0x08001514        0xc CMakeFiles/UOSM-Motor-Controller-MCU-L432.elf.dir/Core/Src/syscalls.c.obj
                0x08001514                _exit
 .text._read    0x08001520       0x1c CMakeFiles/UOSM-Motor-Controller-MCU-L432.elf.dir/Core/Src/syscalls.c.obj
                0x08001520                _read
 .text._write   0x0800153c       0x1c CMakeFiles/UOSM-Motor-Controller-MCU-L432.elf.dir/Core/Src/syscalls.c.obj
                0x0800153c                _write
 .text._close   0x08001558        0x8 CMakeFiles/UOSM-Motor-Controller-MCU-L432.elf.dir/Core/Src/syscalls.c.obj
                0x08001558                _close
 .text._fstat   0x08001560        0xc CMakeFiles/UOSM-Motor-Controller-MCU-L432.elf.dir/Core/Src/syscalls.c.obj
                0x08001560                _fstat
 .text._isatty  0x0800156c        0x4 CMakeFiles/UOSM-Motor-Controller-MCU-L432.elf.dir/Core/Src/syscalls.c.obj
                0x0800156c                _isatty
 .text._lseek   0x08001570        0x4 CMakeFiles/UOSM-Motor-Controller-MCU-L432.elf.dir/Core/Src/syscalls.c.obj
                0x08001570                _lseek
 .text._sbrk    0x08001574       0x44 CMakeFiles/UOSM-Motor-Controller-MCU-L432.elf.dir/Core/Src/sysmem.c.obj
                0x08001574                _sbrk
 .text.SystemInit
                0x080015b8       0x14 CMakeFiles/UOSM-Motor-Controller-MCU-L432.elf.dir/Core/Src/system_stm32l4xx.c.obj
                0x080015b8                SystemInit
 .text.Reset_Handler
                0x080015cc       0x50 CMakeFiles/UOSM-Motor-Controller-MCU-L432.elf.dir/Core/Startup/startup_stm32l432kcux.s.obj
                0x080015cc                Reset_Handler
 .text.Default_Handler
                0x0800161c        0x2 CMakeFiles/UOSM-Motor-Controller-MCU-L432.elf.dir/Core/Startup/startup_stm32l432kcux.s.obj
                0x0800161c                TIM1_BRK_TIM15_IRQHandler
                0x0800161c                EXTI2_IRQHandler
                0x0800161c                TIM1_CC_IRQHandler
                0x0800161c                TSC_IRQHandler
                0x0800161c                TAMP_STAMP_IRQHandler
                0x0800161c                EXTI3_IRQHandler
                0x0800161c                LPTIM2_IRQHandler
                0x0800161c                I2C3_ER_IRQHandler
                0x0800161c                EXTI0_IRQHandler
                0x0800161c                CAN1_RX0_IRQHandler
                0x0800161c                FPU_IRQHandler
                0x0800161c                TIM1_UP_TIM16_IRQHandler
                0x0800161c                SPI1_IRQHandler
                0x0800161c                TIM6_DAC_IRQHandler
                0x0800161c                DMA2_Channel2_IRQHandler
                0x0800161c                DMA1_Channel4_IRQHandler
                0x0800161c                ADC1_IRQHandler
                0x0800161c                DMA1_Channel7_IRQHandler
                0x0800161c                CAN1_RX1_IRQHandler
                0x0800161c                DMA2_Channel1_IRQHandler
                0x0800161c                QUADSPI_IRQHandler
                0x0800161c                I2C1_EV_IRQHandler
                0x0800161c                DMA1_Channel6_IRQHandler
                0x0800161c                DMA2_Channel4_IRQHandler
                0x0800161c                RCC_IRQHandler
                0x0800161c                TIM1_TRG_COM_IRQHandler
                0x0800161c                DMA1_Channel1_IRQHandler
                0x0800161c                Default_Handler
                0x0800161c                DMA2_Channel7_IRQHandler
                0x0800161c                EXTI15_10_IRQHandler
                0x0800161c                TIM7_IRQHandler
                0x0800161c                I2C3_EV_IRQHandler
                0x0800161c                USB_IRQHandler
                0x0800161c                EXTI9_5_IRQHandler
                0x0800161c                RTC_WKUP_IRQHandler
                0x0800161c                PVD_PVM_IRQHandler
                0x0800161c                CAN1_TX_IRQHandler
                0x0800161c                DMA2_Channel5_IRQHandler
                0x0800161c                CRS_IRQHandler
                0x0800161c                DMA1_Channel5_IRQHandler
                0x0800161c                EXTI4_IRQHandler
                0x0800161c                RNG_IRQHandler
                0x0800161c                DMA1_Channel3_IRQHandler
                0x0800161c                COMP_IRQHandler
                0x0800161c                WWDG_IRQHandler
                0x0800161c                LPUART1_IRQHandler
                0x0800161c                DMA2_Channel6_IRQHandler
                0x0800161c                TIM2_IRQHandler
                0x0800161c                EXTI1_IRQHandler
                0x0800161c                USART2_IRQHandler
                0x0800161c                DMA1_Channel2_IRQHandler
                0x0800161c                CAN1_SCE_IRQHandler
                0x0800161c                FLASH_IRQHandler
                0x0800161c                USART1_IRQHandler
                0x0800161c                SPI3_IRQHandler
                0x0800161c                I2C1_ER_IRQHandler
                0x0800161c                SWPMI1_IRQHandler
                0x0800161c                LPTIM1_IRQHandler
                0x0800161c                SAI1_IRQHandler
                0x0800161c                DMA2_Channel3_IRQHandler
                0x0800161c                RTC_Alarm_IRQHandler
 *fill*         0x0800161e        0x2 
 .text.InternalCommsTask
                0x08001620      0x108 CMakeFiles/UOSM-Motor-Controller-MCU-L432.elf.dir/Core/Tasks/InternalCommsTask.c.obj
                0x08001620                InternalCommsTask
 .text.InitInternalCommsTask
                0x08001728       0x20 CMakeFiles/UOSM-Motor-Controller-MCU-L432.elf.dir/Core/Tasks/InternalCommsTask.c.obj
                0x08001728                InitInternalCommsTask
 .text.MotorTask
                0x08001748      0x150 CMakeFiles/UOSM-Motor-Controller-MCU-L432.elf.dir/Core/Tasks/MotorTask.c.obj
                0x08001748                MotorTask
 .text.InitMotorTask
                0x08001898       0x20 CMakeFiles/UOSM-Motor-Controller-MCU-L432.elf.dir/Core/Tasks/MotorTask.c.obj
                0x08001898                InitMotorTask
 .text.SafetyTask
                0x080018b8       0x74 CMakeFiles/UOSM-Motor-Controller-MCU-L432.elf.dir/Core/Tasks/SafetyTask.c.obj
                0x080018b8                SafetyTask
 .text.InitSafetyTask
                0x0800192c       0x20 CMakeFiles/UOSM-Motor-Controller-MCU-L432.elf.dir/Core/Tasks/SafetyTask.c.obj
                0x0800192c                InitSafetyTask
 .text.RunTaskManager
                0x0800194c       0x18 CMakeFiles/UOSM-Motor-Controller-MCU-L432.elf.dir/Core/Tasks/TaskManager.c.obj
                0x0800194c                RunTaskManager
 .text.tmc4671_readwriteByte
                0x08001964       0xb8 CMakeFiles/UOSM-Motor-Controller-MCU-L432.elf.dir/Core/UserDrivers/SPIMotorDriver.c.obj
                0x08001964                tmc4671_readwriteByte
 .text.tmc6200_readwriteByte
                0x08001a1c       0xb8 CMakeFiles/UOSM-Motor-Controller-MCU-L432.elf.dir/Core/UserDrivers/SPIMotorDriver.c.obj
                0x08001a1c                tmc6200_readwriteByte
 .text.MotorRotateVelocity
                0x08001ad4       0x28 CMakeFiles/UOSM-Motor-Controller-MCU-L432.elf.dir/Core/UserDrivers/SPIMotorDriver.c.obj
                0x08001ad4                MotorRotateVelocity
 .text.MotorInitEncoder
                0x08001afc       0x84 CMakeFiles/UOSM-Motor-Controller-MCU-L432.elf.dir/Core/UserDrivers/SPIMotorDriver.c.obj
                0x08001afc                MotorInitEncoder
 .text.MotorInit
                0x08001b80      0x290 CMakeFiles/UOSM-Motor-Controller-MCU-L432.elf.dir/Core/UserDrivers/SPIMotorDriver.c.obj
                0x08001b80                MotorInit
 .text.MotorPeriodicJob
                0x08001e10       0x84 CMakeFiles/UOSM-Motor-Controller-MCU-L432.elf.dir/Core/UserDrivers/SPIMotorDriver.c.obj
                0x08001e10                MotorPeriodicJob
 .text.MotorGetActualVelocity
                0x08001e94        0x8 CMakeFiles/UOSM-Motor-Controller-MCU-L432.elf.dir/Core/UserDrivers/SPIMotorDriver.c.obj
                0x08001e94                MotorGetActualVelocity
 .text.MotorReadCurrent
                0x08001e9c       0x1c CMakeFiles/UOSM-Motor-Controller-MCU-L432.elf.dir/Core/UserDrivers/SPIMotorDriver.c.obj
                0x08001e9c                MotorReadCurrent
 .text.MotorPrintFaults
                0x08001eb8       0x20 CMakeFiles/UOSM-Motor-Controller-MCU-L432.elf.dir/Core/UserDrivers/SPIMotorDriver.c.obj
                0x08001eb8                MotorPrintFaults
 .text.HAL_InitTick
                0x08001ed8       0x4c CMakeFiles/UOSM-Motor-Controller-MCU-L432.elf.dir/Drivers/STM32L4xx_HAL_Driver/Src/stm32l4xx_hal.c.obj
                0x08001ed8                HAL_InitTick
 .text.HAL_Init
                0x08001f24       0x20 CMakeFiles/UOSM-Motor-Controller-MCU-L432.elf.dir/Drivers/STM32L4xx_HAL_Driver/Src/stm32l4xx_hal.c.obj
                0x08001f24                HAL_Init
 .text.HAL_IncTick
                0x08001f44       0x18 CMakeFiles/UOSM-Motor-Controller-MCU-L432.elf.dir/Drivers/STM32L4xx_HAL_Driver/Src/stm32l4xx_hal.c.obj
                0x08001f44                HAL_IncTick
 .text.HAL_GetTick
                0x08001f5c        0xc CMakeFiles/UOSM-Motor-Controller-MCU-L432.elf.dir/Drivers/STM32L4xx_HAL_Driver/Src/stm32l4xx_hal.c.obj
                0x08001f5c                HAL_GetTick
 .text.HAL_Delay
                0x08001f68       0x24 CMakeFiles/UOSM-Motor-Controller-MCU-L432.elf.dir/Drivers/STM32L4xx_HAL_Driver/Src/stm32l4xx_hal.c.obj
                0x08001f68                HAL_Delay
 .text.HAL_NVIC_SetPriorityGrouping
                0x08001f8c       0x24 CMakeFiles/UOSM-Motor-Controller-MCU-L432.elf.dir/Drivers/STM32L4xx_HAL_Driver/Src/stm32l4xx_hal_cortex.c.obj
                0x08001f8c                HAL_NVIC_SetPriorityGrouping
 .text.HAL_NVIC_SetPriority
                0x08001fb0       0x78 CMakeFiles/UOSM-Motor-Controller-MCU-L432.elf.dir/Drivers/STM32L4xx_HAL_Driver/Src/stm32l4xx_hal_cortex.c.obj
                0x08001fb0                HAL_NVIC_SetPriority
 .text.HAL_SYSTICK_Config
                0x08002028       0x34 CMakeFiles/UOSM-Motor-Controller-MCU-L432.elf.dir/Drivers/STM32L4xx_HAL_Driver/Src/stm32l4xx_hal_cortex.c.obj
                0x08002028                HAL_SYSTICK_Config
 .text.HAL_GPIO_Init
                0x0800205c      0x1bc CMakeFiles/UOSM-Motor-Controller-MCU-L432.elf.dir/Drivers/STM32L4xx_HAL_Driver/Src/stm32l4xx_hal_gpio.c.obj
                0x0800205c                HAL_GPIO_Init
 .text.HAL_GPIO_WritePin
                0x08002218        0xc CMakeFiles/UOSM-Motor-Controller-MCU-L432.elf.dir/Drivers/STM32L4xx_HAL_Driver/Src/stm32l4xx_hal_gpio.c.obj
                0x08002218                HAL_GPIO_WritePin
 .text.HAL_GPIO_TogglePin
                0x08002224       0x14 CMakeFiles/UOSM-Motor-Controller-MCU-L432.elf.dir/Drivers/STM32L4xx_HAL_Driver/Src/stm32l4xx_hal_gpio.c.obj
                0x08002224                HAL_GPIO_TogglePin
 .text.HAL_PWR_EnableBkUpAccess
                0x08002238       0x10 CMakeFiles/UOSM-Motor-Controller-MCU-L432.elf.dir/Drivers/STM32L4xx_HAL_Driver/Src/stm32l4xx_hal_pwr.c.obj
                0x08002238                HAL_PWR_EnableBkUpAccess
 .text.HAL_PWR_DisableBkUpAccess
                0x08002248       0x10 CMakeFiles/UOSM-Motor-Controller-MCU-L432.elf.dir/Drivers/STM32L4xx_HAL_Driver/Src/stm32l4xx_hal_pwr.c.obj
                0x08002248                HAL_PWR_DisableBkUpAccess
 .text.HAL_PWREx_GetVoltageRange
                0x08002258       0x10 CMakeFiles/UOSM-Motor-Controller-MCU-L432.elf.dir/Drivers/STM32L4xx_HAL_Driver/Src/stm32l4xx_hal_pwr_ex.c.obj
                0x08002258                HAL_PWREx_GetVoltageRange
 .text.HAL_PWREx_ControlVoltageScaling
                0x08002268       0x80 CMakeFiles/UOSM-Motor-Controller-MCU-L432.elf.dir/Drivers/STM32L4xx_HAL_Driver/Src/stm32l4xx_hal_pwr_ex.c.obj
                0x08002268                HAL_PWREx_ControlVoltageScaling
 .text.RCC_SetFlashLatencyFromMSIRange
                0x080022e8       0x8c CMakeFiles/UOSM-Motor-Controller-MCU-L432.elf.dir/Drivers/STM32L4xx_HAL_Driver/Src/stm32l4xx_hal_rcc.c.obj
 .text.HAL_RCC_GetSysClockFreq
                0x08002374       0xb4 CMakeFiles/UOSM-Motor-Controller-MCU-L432.elf.dir/Drivers/STM32L4xx_HAL_Driver/Src/stm32l4xx_hal_rcc.c.obj
                0x08002374                HAL_RCC_GetSysClockFreq
 .text.HAL_RCC_OscConfig
                0x08002428      0x614 CMakeFiles/UOSM-Motor-Controller-MCU-L432.elf.dir/Drivers/STM32L4xx_HAL_Driver/Src/stm32l4xx_hal_rcc.c.obj
                0x08002428                HAL_RCC_OscConfig
 .text.HAL_RCC_ClockConfig
                0x08002a3c      0x16c CMakeFiles/UOSM-Motor-Controller-MCU-L432.elf.dir/Drivers/STM32L4xx_HAL_Driver/Src/stm32l4xx_hal_rcc.c.obj
                0x08002a3c                HAL_RCC_ClockConfig
 .text.HAL_RCC_GetPCLK1Freq
                0x08002ba8       0x24 CMakeFiles/UOSM-Motor-Controller-MCU-L432.elf.dir/Drivers/STM32L4xx_HAL_Driver/Src/stm32l4xx_hal_rcc.c.obj
                0x08002ba8                HAL_RCC_GetPCLK1Freq
 .text.HAL_RCC_GetPCLK2Freq
                0x08002bcc       0x24 CMakeFiles/UOSM-Motor-Controller-MCU-L432.elf.dir/Drivers/STM32L4xx_HAL_Driver/Src/stm32l4xx_hal_rcc.c.obj
                0x08002bcc                HAL_RCC_GetPCLK2Freq
 .text.RCCEx_PLLSAI1_Config
                0x08002bf0      0x11c CMakeFiles/UOSM-Motor-Controller-MCU-L432.elf.dir/Drivers/STM32L4xx_HAL_Driver/Src/stm32l4xx_hal_rcc_ex.c.obj
 .text.HAL_RCCEx_PeriphCLKConfig
                0x08002d0c      0x2a0 CMakeFiles/UOSM-Motor-Controller-MCU-L432.elf.dir/Drivers/STM32L4xx_HAL_Driver/Src/stm32l4xx_hal_rcc_ex.c.obj
                0x08002d0c                HAL_RCCEx_PeriphCLKConfig
 .text.RTC_ExitInitMode
                0x08002fac       0x8c CMakeFiles/UOSM-Motor-Controller-MCU-L432.elf.dir/Drivers/STM32L4xx_HAL_Driver/Src/stm32l4xx_hal_rtc.c.obj
                0x08002fac                RTC_ExitInitMode
 .text.HAL_RTC_Init
                0x08003038       0xc8 CMakeFiles/UOSM-Motor-Controller-MCU-L432.elf.dir/Drivers/STM32L4xx_HAL_Driver/Src/stm32l4xx_hal_rtc.c.obj
                0x08003038                HAL_RTC_Init
 .text.HAL_RTCEx_BKUPWrite
                0x08003100       0x18 CMakeFiles/UOSM-Motor-Controller-MCU-L432.elf.dir/Drivers/STM32L4xx_HAL_Driver/Src/stm32l4xx_hal_rtc_ex.c.obj
                0x08003100                HAL_RTCEx_BKUPWrite
 .text.HAL_RTCEx_BKUPRead
                0x08003118        0xc CMakeFiles/UOSM-Motor-Controller-MCU-L432.elf.dir/Drivers/STM32L4xx_HAL_Driver/Src/stm32l4xx_hal_rtc_ex.c.obj
                0x08003118                HAL_RTCEx_BKUPRead
 .text.SPI_WaitFifoStateUntilTimeout.constprop.0
                0x08003124       0xec CMakeFiles/UOSM-Motor-Controller-MCU-L432.elf.dir/Drivers/STM32L4xx_HAL_Driver/Src/stm32l4xx_hal_spi.c.obj
 .text.SPI_EndRxTxTransaction
                0x08003210      0x144 CMakeFiles/UOSM-Motor-Controller-MCU-L432.elf.dir/Drivers/STM32L4xx_HAL_Driver/Src/stm32l4xx_hal_spi.c.obj
 .text.HAL_SPI_Init
                0x08003354       0xf8 CMakeFiles/UOSM-Motor-Controller-MCU-L432.elf.dir/Drivers/STM32L4xx_HAL_Driver/Src/stm32l4xx_hal_spi.c.obj
                0x08003354                HAL_SPI_Init
 .text.HAL_SPI_Transmit
                0x0800344c      0x248 CMakeFiles/UOSM-Motor-Controller-MCU-L432.elf.dir/Drivers/STM32L4xx_HAL_Driver/Src/stm32l4xx_hal_spi.c.obj
                0x0800344c                HAL_SPI_Transmit
 .text.HAL_SPI_TransmitReceive
                0x08003694      0x304 CMakeFiles/UOSM-Motor-Controller-MCU-L432.elf.dir/Drivers/STM32L4xx_HAL_Driver/Src/stm32l4xx_hal_spi.c.obj
                0x08003694                HAL_SPI_TransmitReceive
 .text.HAL_SPI_Receive
                0x08003998      0x310 CMakeFiles/UOSM-Motor-Controller-MCU-L432.elf.dir/Drivers/STM32L4xx_HAL_Driver/Src/stm32l4xx_hal_spi.c.obj
                0x08003998                HAL_SPI_Receive
 .text.HAL_SPI_GetState
                0x08003ca8        0x8 CMakeFiles/UOSM-Motor-Controller-MCU-L432.elf.dir/Drivers/STM32L4xx_HAL_Driver/Src/stm32l4xx_hal_spi.c.obj
                0x08003ca8                HAL_SPI_GetState
 .text.UART_SetConfig
                0x08003cb0      0x1c4 CMakeFiles/UOSM-Motor-Controller-MCU-L432.elf.dir/Drivers/STM32L4xx_HAL_Driver/Src/stm32l4xx_hal_uart.c.obj
                0x08003cb0                UART_SetConfig
 .text.UART_AdvFeatureConfig
                0x08003e74       0xb0 CMakeFiles/UOSM-Motor-Controller-MCU-L432.elf.dir/Drivers/STM32L4xx_HAL_Driver/Src/stm32l4xx_hal_uart.c.obj
                0x08003e74                UART_AdvFeatureConfig
 .text.UART_WaitOnFlagUntilTimeout
                0x08003f24       0xe4 CMakeFiles/UOSM-Motor-Controller-MCU-L432.elf.dir/Drivers/STM32L4xx_HAL_Driver/Src/stm32l4xx_hal_uart.c.obj
                0x08003f24                UART_WaitOnFlagUntilTimeout
 .text.HAL_UART_Transmit
                0x08004008      0x178 CMakeFiles/UOSM-Motor-Controller-MCU-L432.elf.dir/Drivers/STM32L4xx_HAL_Driver/Src/stm32l4xx_hal_uart.c.obj
                0x08004008                HAL_UART_Transmit
 .text.HAL_UART_Init
                0x08004180       0xd0 CMakeFiles/UOSM-Motor-Controller-MCU-L432.elf.dir/Drivers/STM32L4xx_HAL_Driver/Src/stm32l4xx_hal_uart.c.obj
                0x08004180                HAL_UART_Init
 .text.tmc4671_readInt
                0x08004250       0x48 CMakeFiles/UOSM-Motor-Controller-MCU-L432.elf.dir/Drivers/tmc/ic/TMC4671/TMC4671.c.obj
                0x08004250                tmc4671_readInt
 .text.tmc4671_writeInt
                0x08004298       0x40 CMakeFiles/UOSM-Motor-Controller-MCU-L432.elf.dir/Drivers/tmc/ic/TMC4671/TMC4671.c.obj
                0x08004298                tmc4671_writeInt
 .text.tmc4671_readRegister16BitValue
                0x080042d8       0x58 CMakeFiles/UOSM-Motor-Controller-MCU-L432.elf.dir/Drivers/tmc/ic/TMC4671/TMC4671.c.obj
                0x080042d8                tmc4671_readRegister16BitValue
 .text.tmc4671_writeRegister16BitValue
                0x08004330       0x9c CMakeFiles/UOSM-Motor-Controller-MCU-L432.elf.dir/Drivers/tmc/ic/TMC4671/TMC4671.c.obj
                0x08004330                tmc4671_writeRegister16BitValue
 .text.tmc4671_switchToMotionMode
                0x080043cc       0x84 CMakeFiles/UOSM-Motor-Controller-MCU-L432.elf.dir/Drivers/tmc/ic/TMC4671/TMC4671.c.obj
                0x080043cc                tmc4671_switchToMotionMode
 .text.tmc4671_getActualTorque_mA
                0x08004450       0x54 CMakeFiles/UOSM-Motor-Controller-MCU-L432.elf.dir/Drivers/tmc/ic/TMC4671/TMC4671.c.obj
                0x08004450                tmc4671_getActualTorque_mA
 .text.tmc4671_setTorqueFluxLimit_mA
                0x080044a4       0x8c CMakeFiles/UOSM-Motor-Controller-MCU-L432.elf.dir/Drivers/tmc/ic/TMC4671/TMC4671.c.obj
                0x080044a4                tmc4671_setTorqueFluxLimit_mA
 .text.tmc4671_getActualVelocity
                0x08004530       0x48 CMakeFiles/UOSM-Motor-Controller-MCU-L432.elf.dir/Drivers/tmc/ic/TMC4671/TMC4671.c.obj
                0x08004530                tmc4671_getActualVelocity
 .text.tmc6200_readInt
                0x08004578       0x48 CMakeFiles/UOSM-Motor-Controller-MCU-L432.elf.dir/Drivers/tmc/ic/TMC6200/TMC6200.c.obj
                0x08004578                tmc6200_readInt
 .text.tmc6200_writeInt
                0x080045c0       0x40 CMakeFiles/UOSM-Motor-Controller-MCU-L432.elf.dir/Drivers/tmc/ic/TMC6200/TMC6200.c.obj
                0x080045c0                tmc6200_writeInt
 .text.osKernelInitialize
                0x08004600       0x24 CMakeFiles/UOSM-Motor-Controller-MCU-L432.elf.dir/Middlewares/Third_Party/FreeRTOS/Source/CMSIS_RTOS_V2/cmsis_os2.c.obj
                0x08004600                osKernelInitialize
 .text.osKernelStart
                0x08004624       0x34 CMakeFiles/UOSM-Motor-Controller-MCU-L432.elf.dir/Middlewares/Third_Party/FreeRTOS/Source/CMSIS_RTOS_V2/cmsis_os2.c.obj
                0x08004624                osKernelStart
 .text.osKernelGetTickCount
                0x08004658       0x10 CMakeFiles/UOSM-Motor-Controller-MCU-L432.elf.dir/Middlewares/Third_Party/FreeRTOS/Source/CMSIS_RTOS_V2/cmsis_os2.c.obj
                0x08004658                osKernelGetTickCount
 .text.osThreadNew
                0x08004668       0x90 CMakeFiles/UOSM-Motor-Controller-MCU-L432.elf.dir/Middlewares/Third_Party/FreeRTOS/Source/CMSIS_RTOS_V2/cmsis_os2.c.obj
                0x08004668                osThreadNew
 .text.osDelay  0x080046f8       0x1c CMakeFiles/UOSM-Motor-Controller-MCU-L432.elf.dir/Middlewares/Third_Party/FreeRTOS/Source/CMSIS_RTOS_V2/cmsis_os2.c.obj
                0x080046f8                osDelay
 .text.osDelayUntil
                0x08004714       0x30 CMakeFiles/UOSM-Motor-Controller-MCU-L432.elf.dir/Middlewares/Third_Party/FreeRTOS/Source/CMSIS_RTOS_V2/cmsis_os2.c.obj
                0x08004714                osDelayUntil
 .text.vApplicationGetIdleTaskMemory
                0x08004744       0x1c CMakeFiles/UOSM-Motor-Controller-MCU-L432.elf.dir/Middlewares/Third_Party/FreeRTOS/Source/CMSIS_RTOS_V2/cmsis_os2.c.obj
                0x08004744                vApplicationGetIdleTaskMemory
 .text.vApplicationGetTimerTaskMemory
                0x08004760       0x20 CMakeFiles/UOSM-Motor-Controller-MCU-L432.elf.dir/Middlewares/Third_Party/FreeRTOS/Source/CMSIS_RTOS_V2/cmsis_os2.c.obj
                0x08004760                vApplicationGetTimerTaskMemory
 .text.vListInitialise
                0x08004780       0x18 CMakeFiles/UOSM-Motor-Controller-MCU-L432.elf.dir/Middlewares/Third_Party/FreeRTOS/Source/list.c.obj
                0x08004780                vListInitialise
 .text.vListInitialiseItem
                0x08004798        0x8 CMakeFiles/UOSM-Motor-Controller-MCU-L432.elf.dir/Middlewares/Third_Party/FreeRTOS/Source/list.c.obj
                0x08004798                vListInitialiseItem
 .text.vListInsertEnd
                0x080047a0       0x1c CMakeFiles/UOSM-Motor-Controller-MCU-L432.elf.dir/Middlewares/Third_Party/FreeRTOS/Source/list.c.obj
                0x080047a0                vListInsertEnd
 .text.vListInsert
                0x080047bc       0x30 CMakeFiles/UOSM-Motor-Controller-MCU-L432.elf.dir/Middlewares/Third_Party/FreeRTOS/Source/list.c.obj
                0x080047bc                vListInsert
 .text.uxListRemove
                0x080047ec       0x28 CMakeFiles/UOSM-Motor-Controller-MCU-L432.elf.dir/Middlewares/Third_Party/FreeRTOS/Source/list.c.obj
                0x080047ec                uxListRemove
 .text.prvPortStartFirstTask
                0x08004814       0x28 CMakeFiles/UOSM-Motor-Controller-MCU-L432.elf.dir/Middlewares/Third_Party/FreeRTOS/Source/portable/GCC/ARM_CM4F/port.c.obj
 .text.vPortEnableVFP
                0x0800483c       0x14 CMakeFiles/UOSM-Motor-Controller-MCU-L432.elf.dir/Middlewares/Third_Party/FreeRTOS/Source/portable/GCC/ARM_CM4F/port.c.obj
 .text.prvTaskExitError
                0x08004850       0x40 CMakeFiles/UOSM-Motor-Controller-MCU-L432.elf.dir/Middlewares/Third_Party/FreeRTOS/Source/portable/GCC/ARM_CM4F/port.c.obj
 .text.pxPortInitialiseStack
                0x08004890       0x28 CMakeFiles/UOSM-Motor-Controller-MCU-L432.elf.dir/Middlewares/Third_Party/FreeRTOS/Source/portable/GCC/ARM_CM4F/port.c.obj
                0x08004890                pxPortInitialiseStack
 *fill*         0x080048b8        0x8 
 .text.SVC_Handler
                0x080048c0       0x24 CMakeFiles/UOSM-Motor-Controller-MCU-L432.elf.dir/Middlewares/Third_Party/FreeRTOS/Source/portable/GCC/ARM_CM4F/port.c.obj
                0x080048c0                SVC_Handler
 .text.vPortEnterCritical
                0x080048e4       0x44 CMakeFiles/UOSM-Motor-Controller-MCU-L432.elf.dir/Middlewares/Third_Party/FreeRTOS/Source/portable/GCC/ARM_CM4F/port.c.obj
                0x080048e4                vPortEnterCritical
 .text.vPortExitCritical
                0x08004928       0x28 CMakeFiles/UOSM-Motor-Controller-MCU-L432.elf.dir/Middlewares/Third_Party/FreeRTOS/Source/portable/GCC/ARM_CM4F/port.c.obj
                0x08004928                vPortExitCritical
 .text.PendSV_Handler
                0x08004950       0x64 CMakeFiles/UOSM-Motor-Controller-MCU-L432.elf.dir/Middlewares/Third_Party/FreeRTOS/Source/portable/GCC/ARM_CM4F/port.c.obj
                0x08004950                PendSV_Handler
 .text.xPortSysTickHandler
                0x080049b4       0x2c CMakeFiles/UOSM-Motor-Controller-MCU-L432.elf.dir/Middlewares/Third_Party/FreeRTOS/Source/portable/GCC/ARM_CM4F/port.c.obj
                0x080049b4                xPortSysTickHandler
 .text.vPortSetupTimerInterrupt
                0x080049e0       0x28 CMakeFiles/UOSM-Motor-Controller-MCU-L432.elf.dir/Middlewares/Third_Party/FreeRTOS/Source/portable/GCC/ARM_CM4F/port.c.obj
                0x080049e0                vPortSetupTimerInterrupt
 .text.xPortStartScheduler
                0x08004a08      0x140 CMakeFiles/UOSM-Motor-Controller-MCU-L432.elf.dir/Middlewares/Third_Party/FreeRTOS/Source/portable/GCC/ARM_CM4F/port.c.obj
                0x08004a08                xPortStartScheduler
 .text.vPortValidateInterruptPriority
                0x08004b48       0x5c CMakeFiles/UOSM-Motor-Controller-MCU-L432.elf.dir/Middlewares/Third_Party/FreeRTOS/Source/portable/GCC/ARM_CM4F/port.c.obj
                0x08004b48                vPortValidateInterruptPriority
 .text.pvPortMalloc
                0x08004ba4      0x170 CMakeFiles/UOSM-Motor-Controller-MCU-L432.elf.dir/Middlewares/Third_Party/FreeRTOS/Source/portable/MemMang/heap_4.c.obj
                0x08004ba4                pvPortMalloc
 .text.vPortFree
                0x08004d14       0xc8 CMakeFiles/UOSM-Motor-Controller-MCU-L432.elf.dir/Middlewares/Third_Party/FreeRTOS/Source/portable/MemMang/heap_4.c.obj
                0x08004d14                vPortFree
 .text.prvCopyDataToQueue
                0x08004ddc       0x74 CMakeFiles/UOSM-Motor-Controller-MCU-L432.elf.dir/Middlewares/Third_Party/FreeRTOS/Source/queue.c.obj
 .text.xQueueGenericCreateStatic
                0x08004e50       0xe0 CMakeFiles/UOSM-Motor-Controller-MCU-L432.elf.dir/Middlewares/Third_Party/FreeRTOS/Source/queue.c.obj
                0x08004e50                xQueueGenericCreateStatic
 .text.xQueueGenericSend
                0x08004f30      0x300 CMakeFiles/UOSM-Motor-Controller-MCU-L432.elf.dir/Middlewares/Third_Party/FreeRTOS/Source/queue.c.obj
                0x08004f30                xQueueGenericSend
 .text.xQueueReceive
                0x08005230      0x30c CMakeFiles/UOSM-Motor-Controller-MCU-L432.elf.dir/Middlewares/Third_Party/FreeRTOS/Source/queue.c.obj
                0x08005230                xQueueReceive
 .text.vQueueAddToRegistry
                0x0800553c       0x50 CMakeFiles/UOSM-Motor-Controller-MCU-L432.elf.dir/Middlewares/Third_Party/FreeRTOS/Source/queue.c.obj
                0x0800553c                vQueueAddToRegistry
 .text.vQueueWaitForMessageRestricted
                0x0800558c       0xc8 CMakeFiles/UOSM-Motor-Controller-MCU-L432.elf.dir/Middlewares/Third_Party/FreeRTOS/Source/queue.c.obj
                0x0800558c                vQueueWaitForMessageRestricted
 .text.prvAddNewTaskToReadyList
                0x08005654      0x110 CMakeFiles/UOSM-Motor-Controller-MCU-L432.elf.dir/Middlewares/Third_Party/FreeRTOS/Source/tasks.c.obj
 .text.prvInitialiseNewTask.constprop.0
                0x08005764      0x148 CMakeFiles/UOSM-Motor-Controller-MCU-L432.elf.dir/Middlewares/Third_Party/FreeRTOS/Source/tasks.c.obj
 .text.prvIdleTask
                0x080058ac       0xa0 CMakeFiles/UOSM-Motor-Controller-MCU-L432.elf.dir/Middlewares/Third_Party/FreeRTOS/Source/tasks.c.obj
 .text.xTaskIncrementTick.part.0
                0x0800594c      0x144 CMakeFiles/UOSM-Motor-Controller-MCU-L432.elf.dir/Middlewares/Third_Party/FreeRTOS/Source/tasks.c.obj
 .text.xTaskResumeAll.part.0
                0x08005a90      0x13c CMakeFiles/UOSM-Motor-Controller-MCU-L432.elf.dir/Middlewares/Third_Party/FreeRTOS/Source/tasks.c.obj
 .text.xTaskCreateStatic
                0x08005bcc       0x78 CMakeFiles/UOSM-Motor-Controller-MCU-L432.elf.dir/Middlewares/Third_Party/FreeRTOS/Source/tasks.c.obj
                0x08005bcc                xTaskCreateStatic
 .text.xTaskCreate
                0x08005c44       0x60 CMakeFiles/UOSM-Motor-Controller-MCU-L432.elf.dir/Middlewares/Third_Party/FreeRTOS/Source/tasks.c.obj
                0x08005c44                xTaskCreate
 .text.vTaskDelayUntil
                0x08005ca4       0xf0 CMakeFiles/UOSM-Motor-Controller-MCU-L432.elf.dir/Middlewares/Third_Party/FreeRTOS/Source/tasks.c.obj
                0x08005ca4                vTaskDelayUntil
 .text.vTaskDelay
                0x08005d94       0xac CMakeFiles/UOSM-Motor-Controller-MCU-L432.elf.dir/Middlewares/Third_Party/FreeRTOS/Source/tasks.c.obj
                0x08005d94                vTaskDelay
 .text.vTaskStartScheduler
                0x08005e40       0xfc CMakeFiles/UOSM-Motor-Controller-MCU-L432.elf.dir/Middlewares/Third_Party/FreeRTOS/Source/tasks.c.obj
                0x08005e40                vTaskStartScheduler
 .text.vTaskSuspendAll
                0x08005f3c       0x10 CMakeFiles/UOSM-Motor-Controller-MCU-L432.elf.dir/Middlewares/Third_Party/FreeRTOS/Source/tasks.c.obj
                0x08005f3c                vTaskSuspendAll
 .text.xTaskResumeAll
                0x08005f4c       0x20 CMakeFiles/UOSM-Motor-Controller-MCU-L432.elf.dir/Middlewares/Third_Party/FreeRTOS/Source/tasks.c.obj
                0x08005f4c                xTaskResumeAll
 .text.xTaskGetTickCount
                0x08005f6c        0xc CMakeFiles/UOSM-Motor-Controller-MCU-L432.elf.dir/Middlewares/Third_Party/FreeRTOS/Source/tasks.c.obj
                0x08005f6c                xTaskGetTickCount
 .text.xTaskGetTickCountFromISR
                0x08005f78       0x10 CMakeFiles/UOSM-Motor-Controller-MCU-L432.elf.dir/Middlewares/Third_Party/FreeRTOS/Source/tasks.c.obj
                0x08005f78                xTaskGetTickCountFromISR
 .text.xTaskIncrementTick
                0x08005f88       0x20 CMakeFiles/UOSM-Motor-Controller-MCU-L432.elf.dir/Middlewares/Third_Party/FreeRTOS/Source/tasks.c.obj
                0x08005f88                xTaskIncrementTick
 .text.vTaskSwitchContext
                0x08005fa8       0x98 CMakeFiles/UOSM-Motor-Controller-MCU-L432.elf.dir/Middlewares/Third_Party/FreeRTOS/Source/tasks.c.obj
                0x08005fa8                vTaskSwitchContext
 .text.vTaskPlaceOnEventList
                0x08006040       0x88 CMakeFiles/UOSM-Motor-Controller-MCU-L432.elf.dir/Middlewares/Third_Party/FreeRTOS/Source/tasks.c.obj
                0x08006040                vTaskPlaceOnEventList
 .text.vTaskPlaceOnEventListRestricted
                0x080060c8       0x94 CMakeFiles/UOSM-Motor-Controller-MCU-L432.elf.dir/Middlewares/Third_Party/FreeRTOS/Source/tasks.c.obj
                0x080060c8                vTaskPlaceOnEventListRestricted
 .text.xTaskRemoveFromEventList
                0x0800615c       0x88 CMakeFiles/UOSM-Motor-Controller-MCU-L432.elf.dir/Middlewares/Third_Party/FreeRTOS/Source/tasks.c.obj
                0x0800615c                xTaskRemoveFromEventList
 .text.vTaskInternalSetTimeOutState
                0x080061e4       0x18 CMakeFiles/UOSM-Motor-Controller-MCU-L432.elf.dir/Middlewares/Third_Party/FreeRTOS/Source/tasks.c.obj
                0x080061e4                vTaskInternalSetTimeOutState
 .text.xTaskCheckForTimeOut
                0x080061fc       0x84 CMakeFiles/UOSM-Motor-Controller-MCU-L432.elf.dir/Middlewares/Third_Party/FreeRTOS/Source/tasks.c.obj
                0x080061fc                xTaskCheckForTimeOut
 .text.vTaskMissedYield
                0x08006280        0xc CMakeFiles/UOSM-Motor-Controller-MCU-L432.elf.dir/Middlewares/Third_Party/FreeRTOS/Source/tasks.c.obj
                0x08006280                vTaskMissedYield
 .text.xTaskGetSchedulerState
                0x0800628c       0x20 CMakeFiles/UOSM-Motor-Controller-MCU-L432.elf.dir/Middlewares/Third_Party/FreeRTOS/Source/tasks.c.obj
                0x0800628c                xTaskGetSchedulerState
 .text.xTaskPriorityDisinherit
                0x080062ac       0x88 CMakeFiles/UOSM-Motor-Controller-MCU-L432.elf.dir/Middlewares/Third_Party/FreeRTOS/Source/tasks.c.obj
                0x080062ac                xTaskPriorityDisinherit
 .text.prvSwitchTimerLists
                0x08006334       0x98 CMakeFiles/UOSM-Motor-Controller-MCU-L432.elf.dir/Middlewares/Third_Party/FreeRTOS/Source/timers.c.obj
 .text.prvTimerTask
                0x080063cc      0x288 CMakeFiles/UOSM-Motor-Controller-MCU-L432.elf.dir/Middlewares/Third_Party/FreeRTOS/Source/timers.c.obj
 .text.xTimerCreateTimerTask
                0x08006654       0xbc CMakeFiles/UOSM-Motor-Controller-MCU-L432.elf.dir/Middlewares/Third_Party/FreeRTOS/Source/timers.c.obj
                0x08006654                xTimerCreateTimerTask
 .text.Backup_SetFaultStatus
                0x08006710       0x10 CMakeFiles/UOSM-Motor-Controller-MCU-L432.elf.dir/UOSM-Core/Drivers/BackupRegister.c.obj
                0x08006710                Backup_SetFaultStatus
 .text.Backup_GetFaultStatus
                0x08006720       0x14 CMakeFiles/UOSM-Motor-Controller-MCU-L432.elf.dir/UOSM-Core/Drivers/BackupRegister.c.obj
                0x08006720                Backup_GetFaultStatus
 .text.Backup_Unlock
                0x08006734        0x4 CMakeFiles/UOSM-Motor-Controller-MCU-L432.elf.dir/UOSM-Core/Drivers/BackupRegister.c.obj
                0x08006734                Backup_Unlock
 .text.Backup_Lock
                0x08006738        0x4 CMakeFiles/UOSM-Motor-Controller-MCU-L432.elf.dir/UOSM-Core/Drivers/BackupRegister.c.obj
                0x08006738                Backup_Lock
 .text.CANSPI_Initialize
                0x0800673c       0xb0 CMakeFiles/UOSM-Motor-Controller-MCU-L432.elf.dir/UOSM-Core/Drivers/CANDriver.c.obj
                0x0800673c                CANSPI_Initialize
 .text.CANSPI_Transmit
                0x080067ec      0x1f8 CMakeFiles/UOSM-Motor-Controller-MCU-L432.elf.dir/UOSM-Core/Drivers/CANDriver.c.obj
                0x080067ec                CANSPI_Transmit
 .text.CANSPI_Receive
                0x080069e4       0xa0 CMakeFiles/UOSM-Motor-Controller-MCU-L432.elf.dir/UOSM-Core/Drivers/CANDriver.c.obj
                0x080069e4                CANSPI_Receive
 .text.CANSPI_messagesInBuffer
                0x08006a84       0x1c CMakeFiles/UOSM-Motor-Controller-MCU-L432.elf.dir/UOSM-Core/Drivers/CANDriver.c.obj
                0x08006a84                CANSPI_messagesInBuffer
 .text.readMsg  0x08006aa0       0xa8 CMakeFiles/UOSM-Motor-Controller-MCU-L432.elf.dir/UOSM-Core/Drivers/CANDriver.c.obj
                0x08006aa0                readMsg
 .text.MCP2515_Initialize
                0x08006b48       0x54 CMakeFiles/UOSM-Motor-Controller-MCU-L432.elf.dir/UOSM-Core/Drivers/MCP2515.c.obj
                0x08006b48                MCP2515_Initialize
 .text.MCP2515_SetConfigMode
                0x08006b9c       0xd0 CMakeFiles/UOSM-Motor-Controller-MCU-L432.elf.dir/UOSM-Core/Drivers/MCP2515.c.obj
                0x08006b9c                MCP2515_SetConfigMode
 .text.MCP2515_SetNormalMode
                0x08006c6c       0xcc CMakeFiles/UOSM-Motor-Controller-MCU-L432.elf.dir/UOSM-Core/Drivers/MCP2515.c.obj
                0x08006c6c                MCP2515_SetNormalMode
 .text.MCP2515_ReadRxSequence
                0x08006d38       0x54 CMakeFiles/UOSM-Motor-Controller-MCU-L432.elf.dir/UOSM-Core/Drivers/MCP2515.c.obj
                0x08006d38                MCP2515_ReadRxSequence
 .text.MCP2515_WriteByte
                0x08006d8c       0x6c CMakeFiles/UOSM-Motor-Controller-MCU-L432.elf.dir/UOSM-Core/Drivers/MCP2515.c.obj
                0x08006d8c                MCP2515_WriteByte
 .text.MCP2515_WriteByteSequence
                0x08006df8       0x6c CMakeFiles/UOSM-Motor-Controller-MCU-L432.elf.dir/UOSM-Core/Drivers/MCP2515.c.obj
                0x08006df8                MCP2515_WriteByteSequence
 .text.MCP2515_LoadTxSequence
                0x08006e64       0x74 CMakeFiles/UOSM-Motor-Controller-MCU-L432.elf.dir/UOSM-Core/Drivers/MCP2515.c.obj
                0x08006e64                MCP2515_LoadTxSequence
 .text.MCP2515_RequestToSend
                0x08006ed8       0x3c CMakeFiles/UOSM-Motor-Controller-MCU-L432.elf.dir/UOSM-Core/Drivers/MCP2515.c.obj
                0x08006ed8                MCP2515_RequestToSend
 .text.MCP2515_ReadStatus
                0x08006f14       0x50 CMakeFiles/UOSM-Motor-Controller-MCU-L432.elf.dir/UOSM-Core/Drivers/MCP2515.c.obj
                0x08006f14                MCP2515_ReadStatus
 .text.MCP2515_GetRxStatus
                0x08006f64       0x50 CMakeFiles/UOSM-Motor-Controller-MCU-L432.elf.dir/UOSM-Core/Drivers/MCP2515.c.obj
                0x08006f64                MCP2515_GetRxStatus
 .text.SerialPrintln
                0x08006fb4       0x44 CMakeFiles/UOSM-Motor-Controller-MCU-L432.elf.dir/UOSM-Core/Drivers/SerialDebugDriver.c.obj
                0x08006fb4                SerialPrintln
 .text.IComms_Init
                0x08006ff8        0x4 CMakeFiles/UOSM-Motor-Controller-MCU-L432.elf.dir/UOSM-Core/Modules/InternalCommsModule.c.obj
                0x08006ff8                IComms_Init
 .text.IComms_Transmit
                0x08006ffc        0x4 CMakeFiles/UOSM-Motor-Controller-MCU-L432.elf.dir/UOSM-Core/Modules/InternalCommsModule.c.obj
                0x08006ffc                IComms_Transmit
 .text.IComms_PeriodicReceive
                0x08007000       0x70 CMakeFiles/UOSM-Motor-Controller-MCU-L432.elf.dir/UOSM-Core/Modules/InternalCommsModule.c.obj
                0x08007000                IComms_PeriodicReceive
 .text.IComms_CreateInt32BitMessage
                0x08007070       0x20 CMakeFiles/UOSM-Motor-Controller-MCU-L432.elf.dir/UOSM-Core/Modules/InternalCommsModule.c.obj
                0x08007070                IComms_CreateInt32BitMessage
 .text.IComms_CreateErrorMessage
                0x08007090       0x38 CMakeFiles/UOSM-Motor-Controller-MCU-L432.elf.dir/UOSM-Core/Modules/InternalCommsModule.c.obj
                0x08007090                IComms_CreateErrorMessage
 .text.IComms_CreateEventMessage
                0x080070c8       0x18 CMakeFiles/UOSM-Motor-Controller-MCU-L432.elf.dir/UOSM-Core/Modules/InternalCommsModule.c.obj
                0x080070c8                IComms_CreateEventMessage
 .text.__udivmoddi4
                0x080070e0      0x2bc /Applications/ArmGNUToolchain/12.3.rel1/arm-none-eabi/bin/../lib/gcc/arm-none-eabi/12.3.1/thumb/v7e-m+fp/hard/libgcc.a(_udivmoddi4.o)
                0x080070e0                __udivmoddi4
 .text.stdio_exit_handler
                0x0800739c       0x18 /Applications/ArmGNUToolchain/12.3.rel1/arm-none-eabi/bin/../lib/gcc/arm-none-eabi/12.3.1/../../../../arm-none-eabi/lib/thumb/v7e-m+fp/hard/libc.a(libc_a-findfp.o)
 .text.cleanup_stdio
                0x080073b4       0x40 /Applications/ArmGNUToolchain/12.3.rel1/arm-none-eabi/bin/../lib/gcc/arm-none-eabi/12.3.1/../../../../arm-none-eabi/lib/thumb/v7e-m+fp/hard/libc.a(libc_a-findfp.o)
 .text.global_stdio_init.part.0
                0x080073f4       0xf0 /Applications/ArmGNUToolchain/12.3.rel1/arm-none-eabi/bin/../lib/gcc/arm-none-eabi/12.3.1/../../../../arm-none-eabi/lib/thumb/v7e-m+fp/hard/libc.a(libc_a-findfp.o)
 .text.__sinit  0x080074e4       0x3c /Applications/ArmGNUToolchain/12.3.rel1/arm-none-eabi/bin/../lib/gcc/arm-none-eabi/12.3.1/../../../../arm-none-eabi/lib/thumb/v7e-m+fp/hard/libc.a(libc_a-findfp.o)
                0x080074e4                __sinit
 .text.__sfp_lock_acquire
                0x08007520        0xc /Applications/ArmGNUToolchain/12.3.rel1/arm-none-eabi/bin/../lib/gcc/arm-none-eabi/12.3.1/../../../../arm-none-eabi/lib/thumb/v7e-m+fp/hard/libc.a(libc_a-findfp.o)
                0x08007520                __sfp_lock_acquire
 .text.__sfp_lock_release
                0x0800752c        0xc /Applications/ArmGNUToolchain/12.3.rel1/arm-none-eabi/bin/../lib/gcc/arm-none-eabi/12.3.1/../../../../arm-none-eabi/lib/thumb/v7e-m+fp/hard/libc.a(libc_a-findfp.o)
                0x0800752c                __sfp_lock_release
 .text.vsprintf
                0x08007538       0x38 /Applications/ArmGNUToolchain/12.3.rel1/arm-none-eabi/bin/../lib/gcc/arm-none-eabi/12.3.1/../../../../arm-none-eabi/lib/thumb/v7e-m+fp/hard/libc.a(libc_a-vsprintf.o)
                0x08007538                vsprintf
 .text._fwalk_sglue
                0x08007570       0x48 /Applications/ArmGNUToolchain/12.3.rel1/arm-none-eabi/bin/../lib/gcc/arm-none-eabi/12.3.1/../../../../arm-none-eabi/lib/thumb/v7e-m+fp/hard/libc.a(libc_a-fwalk.o)
                0x08007570                _fwalk_sglue
 .text.memset   0x080075b8       0xa4 /Applications/ArmGNUToolchain/12.3.rel1/arm-none-eabi/bin/../lib/gcc/arm-none-eabi/12.3.1/../../../../arm-none-eabi/lib/thumb/v7e-m+fp/hard/libc.a(libc_a-memset.o)
                0x080075b8                memset
 .text._reclaim_reent
                0x0800765c       0x5c /Applications/ArmGNUToolchain/12.3.rel1/arm-none-eabi/bin/../lib/gcc/arm-none-eabi/12.3.1/../../../../arm-none-eabi/lib/thumb/v7e-m+fp/hard/libc.a(libc_a-reent.o)
                0x0800765c                _reclaim_reent
 .text.__errno  0x080076b8        0xc /Applications/ArmGNUToolchain/12.3.rel1/arm-none-eabi/bin/../lib/gcc/arm-none-eabi/12.3.1/../../../../arm-none-eabi/lib/thumb/v7e-m+fp/hard/libc.a(libc_a-errno.o)
                0x080076b8                __errno
 .text.__libc_init_array
                0x080076c4       0x50 /Applications/ArmGNUToolchain/12.3.rel1/arm-none-eabi/bin/../lib/gcc/arm-none-eabi/12.3.1/../../../../arm-none-eabi/lib/thumb/v7e-m+fp/hard/libc.a(libc_a-init.o)
                0x080076c4                __libc_init_array
 .text.__retarget_lock_init_recursive
                0x08007714        0x4 /Applications/ArmGNUToolchain/12.3.rel1/arm-none-eabi/bin/../lib/gcc/arm-none-eabi/12.3.1/../../../../arm-none-eabi/lib/thumb/v7e-m+fp/hard/libc.a(libc_a-lock.o)
                0x08007714                __retarget_lock_init_recursive
 .text.__retarget_lock_close_recursive
                0x08007718        0x4 /Applications/ArmGNUToolchain/12.3.rel1/arm-none-eabi/bin/../lib/gcc/arm-none-eabi/12.3.1/../../../../arm-none-eabi/lib/thumb/v7e-m+fp/hard/libc.a(libc_a-lock.o)
                0x08007718                __retarget_lock_close_recursive
 .text.__retarget_lock_acquire_recursive
                0x0800771c        0x4 /Applications/ArmGNUToolchain/12.3.rel1/arm-none-eabi/bin/../lib/gcc/arm-none-eabi/12.3.1/../../../../arm-none-eabi/lib/thumb/v7e-m+fp/hard/libc.a(libc_a-lock.o)
                0x0800771c                __retarget_lock_acquire_recursive
 .text.__retarget_lock_release_recursive
                0x08007720        0x4 /Applications/ArmGNUToolchain/12.3.rel1/arm-none-eabi/bin/../lib/gcc/arm-none-eabi/12.3.1/../../../../arm-none-eabi/lib/thumb/v7e-m+fp/hard/libc.a(libc_a-lock.o)
                0x08007720                __retarget_lock_release_recursive
 .text.startup.register_fini
                0x08007724       0x14 /Applications/ArmGNUToolchain/12.3.rel1/arm-none-eabi/bin/../lib/gcc/arm-none-eabi/12.3.1/../../../../arm-none-eabi/lib/thumb/v7e-m+fp/hard/libc.a(libc_a-__call_atexit.o)
 .text.atexit   0x08007738        0xc /Applications/ArmGNUToolchain/12.3.rel1/arm-none-eabi/bin/../lib/gcc/arm-none-eabi/12.3.1/../../../../arm-none-eabi/lib/thumb/v7e-m+fp/hard/libc.a(libc_a-atexit.o)
                0x08007738                atexit
 .text._malloc_trim_r
                0x08007744       0xb8 /Applications/ArmGNUToolchain/12.3.rel1/arm-none-eabi/bin/../lib/gcc/arm-none-eabi/12.3.1/../../../../arm-none-eabi/lib/thumb/v7e-m+fp/hard/libc.a(libc_a-freer.o)
                0x08007744                _malloc_trim_r
 .text._free_r  0x080077fc      0x1fc /Applications/ArmGNUToolchain/12.3.rel1/arm-none-eabi/bin/../lib/gcc/arm-none-eabi/12.3.1/../../../../arm-none-eabi/lib/thumb/v7e-m+fp/hard/libc.a(libc_a-freer.o)
                0x080077fc                _free_r
 .text._malloc_r
                0x080079f8      0x574 /Applications/ArmGNUToolchain/12.3.rel1/arm-none-eabi/bin/../lib/gcc/arm-none-eabi/12.3.1/../../../../arm-none-eabi/lib/thumb/v7e-m+fp/hard/libc.a(libc_a-mallocr.o)
                0x080079f8                _malloc_r
 *fill*         0x08007f6c        0x4 
 .text._svfprintf_r
                0x08007f70     0x1bc0 /Applications/ArmGNUToolchain/12.3.rel1/arm-none-eabi/bin/../lib/gcc/arm-none-eabi/12.3.1/../../../../arm-none-eabi/lib/thumb/v7e-m+fp/hard/libc.a(libc_a-svfprintf.o)
                0x08007f70                _svfprintf_r
 .text.__malloc_lock
                0x08009b30        0xc /Applications/ArmGNUToolchain/12.3.rel1/arm-none-eabi/bin/../lib/gcc/arm-none-eabi/12.3.1/../../../../arm-none-eabi/lib/thumb/v7e-m+fp/hard/libc.a(libc_a-mlock.o)
                0x08009b30                __malloc_lock
 .text.__malloc_unlock
                0x08009b3c        0xc /Applications/ArmGNUToolchain/12.3.rel1/arm-none-eabi/bin/../lib/gcc/arm-none-eabi/12.3.1/../../../../arm-none-eabi/lib/thumb/v7e-m+fp/hard/libc.a(libc_a-mlock.o)
                0x08009b3c                __malloc_unlock
 .text._fclose_r
                0x08009b48       0xc0 /Applications/ArmGNUToolchain/12.3.rel1/arm-none-eabi/bin/../lib/gcc/arm-none-eabi/12.3.1/../../../../arm-none-eabi/lib/thumb/v7e-m+fp/hard/libc.a(libc_a-fclose.o)
                0x08009b48                _fclose_r
 .text.__sflush_r
                0x08009c08      0x138 /Applications/ArmGNUToolchain/12.3.rel1/arm-none-eabi/bin/../lib/gcc/arm-none-eabi/12.3.1/../../../../arm-none-eabi/lib/thumb/v7e-m+fp/hard/libc.a(libc_a-fflush.o)
                0x08009c08                __sflush_r
 .text._fflush_r
                0x08009d40       0x54 /Applications/ArmGNUToolchain/12.3.rel1/arm-none-eabi/bin/../lib/gcc/arm-none-eabi/12.3.1/../../../../arm-none-eabi/lib/thumb/v7e-m+fp/hard/libc.a(libc_a-fflush.o)
                0x08009d40                _fflush_r
 .text.__sread  0x08009d94       0x24 /Applications/ArmGNUToolchain/12.3.rel1/arm-none-eabi/bin/../lib/gcc/arm-none-eabi/12.3.1/../../../../arm-none-eabi/lib/thumb/v7e-m+fp/hard/libc.a(libc_a-stdio.o)
                0x08009d94                __sread
 .text.__swrite
                0x08009db8       0x40 /Applications/ArmGNUToolchain/12.3.rel1/arm-none-eabi/bin/../lib/gcc/arm-none-eabi/12.3.1/../../../../arm-none-eabi/lib/thumb/v7e-m+fp/hard/libc.a(libc_a-stdio.o)
                0x08009db8                __swrite
 .text.__sseek  0x08009df8       0x24 /Applications/ArmGNUToolchain/12.3.rel1/arm-none-eabi/bin/../lib/gcc/arm-none-eabi/12.3.1/../../../../arm-none-eabi/lib/thumb/v7e-m+fp/hard/libc.a(libc_a-stdio.o)
                0x08009df8                __sseek
 .text.__sclose
                0x08009e1c        0x8 /Applications/ArmGNUToolchain/12.3.rel1/arm-none-eabi/bin/../lib/gcc/arm-none-eabi/12.3.1/../../../../arm-none-eabi/lib/thumb/v7e-m+fp/hard/libc.a(libc_a-stdio.o)
                0x08009e1c                __sclose
 .text.strncpy  0x08009e24       0x68 /Applications/ArmGNUToolchain/12.3.rel1/arm-none-eabi/bin/../lib/gcc/arm-none-eabi/12.3.1/../../../../arm-none-eabi/lib/thumb/v7e-m+fp/hard/libc.a(libc_a-strncpy.o)
                0x08009e24                strncpy
 .text.__locale_mb_cur_max
                0x08009e8c        0xc /Applications/ArmGNUToolchain/12.3.rel1/arm-none-eabi/bin/../lib/gcc/arm-none-eabi/12.3.1/../../../../arm-none-eabi/lib/thumb/v7e-m+fp/hard/libc.a(libc_a-locale.o)
                0x08009e8c                __locale_mb_cur_max
 .text._localeconv_r
                0x08009e98        0x8 /Applications/ArmGNUToolchain/12.3.rel1/arm-none-eabi/bin/../lib/gcc/arm-none-eabi/12.3.1/../../../../arm-none-eabi/lib/thumb/v7e-m+fp/hard/libc.a(libc_a-localeconv.o)
                0x08009e98                _localeconv_r
 .text._close_r
                0x08009ea0       0x24 /Applications/ArmGNUToolchain/12.3.rel1/arm-none-eabi/bin/../lib/gcc/arm-none-eabi/12.3.1/../../../../arm-none-eabi/lib/thumb/v7e-m+fp/hard/libc.a(libc_a-closer.o)
                0x08009ea0                _close_r
 .text._lseek_r
                0x08009ec4       0x2c /Applications/ArmGNUToolchain/12.3.rel1/arm-none-eabi/bin/../lib/gcc/arm-none-eabi/12.3.1/../../../../arm-none-eabi/lib/thumb/v7e-m+fp/hard/libc.a(libc_a-lseekr.o)
                0x08009ec4                _lseek_r
 .text._read_r  0x08009ef0       0x2c /Applications/ArmGNUToolchain/12.3.rel1/arm-none-eabi/bin/../lib/gcc/arm-none-eabi/12.3.1/../../../../arm-none-eabi/lib/thumb/v7e-m+fp/hard/libc.a(libc_a-readr.o)
                0x08009ef0                _read_r
 .text._sbrk_r  0x08009f1c       0x24 /Applications/ArmGNUToolchain/12.3.rel1/arm-none-eabi/bin/../lib/gcc/arm-none-eabi/12.3.1/../../../../arm-none-eabi/lib/thumb/v7e-m+fp/hard/libc.a(libc_a-sbrkr.o)
                0x08009f1c                _sbrk_r
 .text._write_r
                0x08009f40       0x2c /Applications/ArmGNUToolchain/12.3.rel1/arm-none-eabi/bin/../lib/gcc/arm-none-eabi/12.3.1/../../../../arm-none-eabi/lib/thumb/v7e-m+fp/hard/libc.a(libc_a-writer.o)
                0x08009f40                _write_r
 .text.sysconf  0x08009f6c       0x1c /Applications/ArmGNUToolchain/12.3.rel1/arm-none-eabi/bin/../lib/gcc/arm-none-eabi/12.3.1/../../../../arm-none-eabi/lib/thumb/v7e-m+fp/hard/libc.a(libc_a-sysconf.o)
                0x08009f6c                sysconf
 .text.__libc_fini_array
                0x08009f88       0x28 /Applications/ArmGNUToolchain/12.3.rel1/arm-none-eabi/bin/../lib/gcc/arm-none-eabi/12.3.1/../../../../arm-none-eabi/lib/thumb/v7e-m+fp/hard/libc.a(libc_a-fini.o)
                0x08009f88                __libc_fini_array
 .text._wcrtomb_r
                0x08009fb0       0x4c /Applications/ArmGNUToolchain/12.3.rel1/arm-none-eabi/bin/../lib/gcc/arm-none-eabi/12.3.1/../../../../arm-none-eabi/lib/thumb/v7e-m+fp/hard/libc.a(libc_a-wcrtomb.o)
                0x08009fb0                _wcrtomb_r
 .text._wcsrtombs_r
                0x08009ffc       0x18 /Applications/ArmGNUToolchain/12.3.rel1/arm-none-eabi/bin/../lib/gcc/arm-none-eabi/12.3.1/../../../../arm-none-eabi/lib/thumb/v7e-m+fp/hard/libc.a(libc_a-wcsrtombs.o)
                0x08009ffc                _wcsrtombs_r
 .text.__register_exitproc
                0x0800a014       0x80 /Applications/ArmGNUToolchain/12.3.rel1/arm-none-eabi/bin/../lib/gcc/arm-none-eabi/12.3.1/../../../../arm-none-eabi/lib/thumb/v7e-m+fp/hard/libc.a(libc_a-__atexit.o)
                0x0800a014                __register_exitproc
 .text.frexp    0x0800a094       0x68 /Applications/ArmGNUToolchain/12.3.rel1/arm-none-eabi/bin/../lib/gcc/arm-none-eabi/12.3.1/../../../../arm-none-eabi/lib/thumb/v7e-m+fp/hard/libc.a(libm_a-s_frexp.o)
                0x0800a094                frexp
 .text.quorem   0x0800a0fc      0x12c /Applications/ArmGNUToolchain/12.3.rel1/arm-none-eabi/bin/../lib/gcc/arm-none-eabi/12.3.1/../../../../arm-none-eabi/lib/thumb/v7e-m+fp/hard/libc.a(libc_a-dtoa.o)
 .text._dtoa_r  0x0800a228      0xe4c /Applications/ArmGNUToolchain/12.3.rel1/arm-none-eabi/bin/../lib/gcc/arm-none-eabi/12.3.1/../../../../arm-none-eabi/lib/thumb/v7e-m+fp/hard/libc.a(libc_a-dtoa.o)
                0x0800a228                _dtoa_r
 .text.__ascii_mbtowc
                0x0800b074       0x2c /Applications/ArmGNUToolchain/12.3.rel1/arm-none-eabi/bin/../lib/gcc/arm-none-eabi/12.3.1/../../../../arm-none-eabi/lib/thumb/v7e-m+fp/hard/libc.a(libc_a-mbtowc_r.o)
                0x0800b074                __ascii_mbtowc
 .text.__ssprint_r
                0x0800b0a0      0x108 /Applications/ArmGNUToolchain/12.3.rel1/arm-none-eabi/bin/../lib/gcc/arm-none-eabi/12.3.1/../../../../arm-none-eabi/lib/thumb/v7e-m+fp/hard/libc.a(libc_a-svfiprintf.o)
                0x0800b0a0                __ssprint_r
 .text._Balloc  0x0800b1a8       0x4c /Applications/ArmGNUToolchain/12.3.rel1/arm-none-eabi/bin/../lib/gcc/arm-none-eabi/12.3.1/../../../../arm-none-eabi/lib/thumb/v7e-m+fp/hard/libc.a(libc_a-mprec.o)
                0x0800b1a8                _Balloc
 .text._Bfree   0x0800b1f4       0x14 /Applications/ArmGNUToolchain/12.3.rel1/arm-none-eabi/bin/../lib/gcc/arm-none-eabi/12.3.1/../../../../arm-none-eabi/lib/thumb/v7e-m+fp/hard/libc.a(libc_a-mprec.o)
                0x0800b1f4                _Bfree
 .text.__multadd
                0x0800b208       0xa0 /Applications/ArmGNUToolchain/12.3.rel1/arm-none-eabi/bin/../lib/gcc/arm-none-eabi/12.3.1/../../../../arm-none-eabi/lib/thumb/v7e-m+fp/hard/libc.a(libc_a-mprec.o)
                0x0800b208                __multadd
 .text.__hi0bits
                0x0800b2a8       0x44 /Applications/ArmGNUToolchain/12.3.rel1/arm-none-eabi/bin/../lib/gcc/arm-none-eabi/12.3.1/../../../../arm-none-eabi/lib/thumb/v7e-m+fp/hard/libc.a(libc_a-mprec.o)
                0x0800b2a8                __hi0bits
 .text.__lo0bits
                0x0800b2ec       0x60 /Applications/ArmGNUToolchain/12.3.rel1/arm-none-eabi/bin/../lib/gcc/arm-none-eabi/12.3.1/../../../../arm-none-eabi/lib/thumb/v7e-m+fp/hard/libc.a(libc_a-mprec.o)
                0x0800b2ec                __lo0bits
 .text.__i2b    0x0800b34c       0x5c /Applications/ArmGNUToolchain/12.3.rel1/arm-none-eabi/bin/../lib/gcc/arm-none-eabi/12.3.1/../../../../arm-none-eabi/lib/thumb/v7e-m+fp/hard/libc.a(libc_a-mprec.o)
                0x0800b34c                __i2b
 .text.__multiply
                0x0800b3a8      0x16c /Applications/ArmGNUToolchain/12.3.rel1/arm-none-eabi/bin/../lib/gcc/arm-none-eabi/12.3.1/../../../../arm-none-eabi/lib/thumb/v7e-m+fp/hard/libc.a(libc_a-mprec.o)
                0x0800b3a8                __multiply
 .text.__pow5mult
                0x0800b514       0xb4 /Applications/ArmGNUToolchain/12.3.rel1/arm-none-eabi/bin/../lib/gcc/arm-none-eabi/12.3.1/../../../../arm-none-eabi/lib/thumb/v7e-m+fp/hard/libc.a(libc_a-mprec.o)
                0x0800b514                __pow5mult
 .text.__lshift
                0x0800b5c8       0xf0 /Applications/ArmGNUToolchain/12.3.rel1/arm-none-eabi/bin/../lib/gcc/arm-none-eabi/12.3.1/../../../../arm-none-eabi/lib/thumb/v7e-m+fp/hard/libc.a(libc_a-mprec.o)
                0x0800b5c8                __lshift
 .text.__mcmp   0x0800b6b8       0x44 /Applications/ArmGNUToolchain/12.3.rel1/arm-none-eabi/bin/../lib/gcc/arm-none-eabi/12.3.1/../../../../arm-none-eabi/lib/thumb/v7e-m+fp/hard/libc.a(libc_a-mprec.o)
                0x0800b6b8                __mcmp
 .text.__mdiff  0x0800b6fc      0x164 /Applications/ArmGNUToolchain/12.3.rel1/arm-none-eabi/bin/../lib/gcc/arm-none-eabi/12.3.1/../../../../arm-none-eabi/lib/thumb/v7e-m+fp/hard/libc.a(libc_a-mprec.o)
                0x0800b6fc                __mdiff
 .text.__d2b    0x0800b860       0xc0 /Applications/ArmGNUToolchain/12.3.rel1/arm-none-eabi/bin/../lib/gcc/arm-none-eabi/12.3.1/../../../../arm-none-eabi/lib/thumb/v7e-m+fp/hard/libc.a(libc_a-mprec.o)
                0x0800b860                __d2b
 .text._realloc_r
                0x0800b920      0x344 /Applications/ArmGNUToolchain/12.3.rel1/arm-none-eabi/bin/../lib/gcc/arm-none-eabi/12.3.1/../../../../arm-none-eabi/lib/thumb/v7e-m+fp/hard/libc.a(libc_a-reallocr.o)
                0x0800b920                _realloc_r
 .text.__ascii_wctomb
                0x0800bc64       0x1c /Applications/ArmGNUToolchain/12.3.rel1/arm-none-eabi/bin/../lib/gcc/arm-none-eabi/12.3.1/../../../../arm-none-eabi/lib/thumb/v7e-m+fp/hard/libc.a(libc_a-wctomb_r.o)
                0x0800bc64                __ascii_wctomb
 .text.memmove  0x0800bc80      0x100 /Applications/ArmGNUToolchain/12.3.rel1/arm-none-eabi/bin/../lib/gcc/arm-none-eabi/12.3.1/../../../../arm-none-eabi/lib/thumb/v7e-m+fp/hard/libc.a(libc_a-memmove.o)
                0x0800bc80                memmove
 .text._wcsnrtombs_l
                0x0800bd80       0xfc /Applications/ArmGNUToolchain/12.3.rel1/arm-none-eabi/bin/../lib/gcc/arm-none-eabi/12.3.1/../../../../arm-none-eabi/lib/thumb/v7e-m+fp/hard/libc.a(libc_a-wcsnrtombs.o)
                0x0800bd80                _wcsnrtombs_l
 .text._wcsnrtombs_r
                0x0800be7c       0x24 /Applications/ArmGNUToolchain/12.3.rel1/arm-none-eabi/bin/../lib/gcc/arm-none-eabi/12.3.1/../../../../arm-none-eabi/lib/thumb/v7e-m+fp/hard/libc.a(libc_a-wcsnrtombs.o)
                0x0800be7c                _wcsnrtombs_r
 .text.__assert_func
                0x0800bea0       0x40 /Applications/ArmGNUToolchain/12.3.rel1/arm-none-eabi/bin/../lib/gcc/arm-none-eabi/12.3.1/../../../../arm-none-eabi/lib/thumb/v7e-m+fp/hard/libc.a(libc_a-assert.o)
                0x0800bea0                __assert_func
 .text._calloc_r
                0x0800bee0       0x6c /Applications/ArmGNUToolchain/12.3.rel1/arm-none-eabi/bin/../lib/gcc/arm-none-eabi/12.3.1/../../../../arm-none-eabi/lib/thumb/v7e-m+fp/hard/libc.a(libc_a-callocr.o)
                0x0800bee0                _calloc_r
 .text.fiprintf
                0x0800bf4c       0x28 /Applications/ArmGNUToolchain/12.3.rel1/arm-none-eabi/bin/../lib/gcc/arm-none-eabi/12.3.1/../../../../arm-none-eabi/lib/thumb/v7e-m+fp/hard/libc.a(libc_a-fiprintf.o)
                0x0800bf4c                fiprintf
 .text.__sprint_r.part.0
                0x0800bf74       0x78 /Applications/ArmGNUToolchain/12.3.rel1/arm-none-eabi/bin/../lib/gcc/arm-none-eabi/12.3.1/../../../../arm-none-eabi/lib/thumb/v7e-m+fp/hard/libc.a(libc_a-vfiprintf.o)
 .text._vfiprintf_r
                0x0800bfec      0xfa8 /Applications/ArmGNUToolchain/12.3.rel1/arm-none-eabi/bin/../lib/gcc/arm-none-eabi/12.3.1/../../../../arm-none-eabi/lib/thumb/v7e-m+fp/hard/libc.a(libc_a-vfiprintf.o)
                0x0800bfec                _vfiprintf_r
 .text.__sbprintf
                0x0800cf94       0x80 /Applications/ArmGNUToolchain/12.3.rel1/arm-none-eabi/bin/../lib/gcc/arm-none-eabi/12.3.1/../../../../arm-none-eabi/lib/thumb/v7e-m+fp/hard/libc.a(libc_a-vfiprintf.o)
 .text.__sfvwrite_r
                0x0800d014      0x300 /Applications/ArmGNUToolchain/12.3.rel1/arm-none-eabi/bin/../lib/gcc/arm-none-eabi/12.3.1/../../../../arm-none-eabi/lib/thumb/v7e-m+fp/hard/libc.a(libc_a-fvwrite.o)
                0x0800d014                __sfvwrite_r
 .text.__swsetup_r
                0x0800d314       0xc0 /Applications/ArmGNUToolchain/12.3.rel1/arm-none-eabi/bin/../lib/gcc/arm-none-eabi/12.3.1/../../../../arm-none-eabi/lib/thumb/v7e-m+fp/hard/libc.a(libc_a-wsetup.o)
                0x0800d314                __swsetup_r
 .text.__fputwc
                0x0800d3d4       0x7c /Applications/ArmGNUToolchain/12.3.rel1/arm-none-eabi/bin/../lib/gcc/arm-none-eabi/12.3.1/../../../../arm-none-eabi/lib/thumb/v7e-m+fp/hard/libc.a(libc_a-fputwc.o)
                0x0800d3d4                __fputwc
 .text._fputwc_r
                0x0800d450       0x60 /Applications/ArmGNUToolchain/12.3.rel1/arm-none-eabi/bin/../lib/gcc/arm-none-eabi/12.3.1/../../../../arm-none-eabi/lib/thumb/v7e-m+fp/hard/libc.a(libc_a-fputwc.o)
                0x0800d450                _fputwc_r
 .text.abort    0x0800d4b0       0x10 /Applications/ArmGNUToolchain/12.3.rel1/arm-none-eabi/bin/../lib/gcc/arm-none-eabi/12.3.1/../../../../arm-none-eabi/lib/thumb/v7e-m+fp/hard/libc.a(libc_a-abort.o)
                0x0800d4b0                abort
 .text.__smakebuf_r
                0x0800d4c0       0xdc /Applications/ArmGNUToolchain/12.3.rel1/arm-none-eabi/bin/../lib/gcc/arm-none-eabi/12.3.1/../../../../arm-none-eabi/lib/thumb/v7e-m+fp/hard/libc.a(libc_a-makebuf.o)
                0x0800d4c0                __smakebuf_r
 .text.__swbuf_r
                0x0800d59c       0xac /Applications/ArmGNUToolchain/12.3.rel1/arm-none-eabi/bin/../lib/gcc/arm-none-eabi/12.3.1/../../../../arm-none-eabi/lib/thumb/v7e-m+fp/hard/libc.a(libc_a-wbuf.o)
                0x0800d59c                __swbuf_r
 .text.raise    0x0800d648       0x58 /Applications/ArmGNUToolchain/12.3.rel1/arm-none-eabi/bin/../lib/gcc/arm-none-eabi/12.3.1/../../../../arm-none-eabi/lib/thumb/v7e-m+fp/hard/libc.a(libc_a-signal.o)
                0x0800d648                raise
 .text._fstat_r
                0x0800d6a0       0x2c /Applications/ArmGNUToolchain/12.3.rel1/arm-none-eabi/bin/../lib/gcc/arm-none-eabi/12.3.1/../../../../arm-none-eabi/lib/thumb/v7e-m+fp/hard/libc.a(libc_a-fstatr.o)
                0x0800d6a0                _fstat_r
 .text._isatty_r
                0x0800d6cc       0x24 /Applications/ArmGNUToolchain/12.3.rel1/arm-none-eabi/bin/../lib/gcc/arm-none-eabi/12.3.1/../../../../arm-none-eabi/lib/thumb/v7e-m+fp/hard/libc.a(libc_a-isattyr.o)
                0x0800d6cc                _isatty_r
 .text._kill_r  0x0800d6f0       0x2c /Applications/ArmGNUToolchain/12.3.rel1/arm-none-eabi/bin/../lib/gcc/arm-none-eabi/12.3.1/../../../../arm-none-eabi/lib/thumb/v7e-m+fp/hard/libc.a(libc_a-signalr.o)
                0x0800d6f0                _kill_r
 .text._getpid_r
                0x0800d71c        0x4 /Applications/ArmGNUToolchain/12.3.rel1/arm-none-eabi/bin/../lib/gcc/arm-none-eabi/12.3.1/../../../../arm-none-eabi/lib/thumb/v7e-m+fp/hard/libc.a(libc_a-signalr.o)
                0x0800d71c                _getpid_r
 *(.glue_7)
 .glue_7        0x0800d720        0x0 linker stubs
 *(.glue_7t)
 .glue_7t       0x0800d720        0x0 linker stubs
 *(.eh_frame)
 .eh_frame      0x0800d720        0x0 /Applications/ArmGNUToolchain/12.3.rel1/arm-none-eabi/bin/../lib/gcc/arm-none-eabi/12.3.1/thumb/v7e-m+fp/hard/crtbegin.o
 *(.init)
 .init          0x0800d720        0x4 /Applications/ArmGNUToolchain/12.3.rel1/arm-none-eabi/bin/../lib/gcc/arm-none-eabi/12.3.1/thumb/v7e-m+fp/hard/crti.o
                0x0800d720                _init
 .init          0x0800d724        0x8 /Applications/ArmGNUToolchain/12.3.rel1/arm-none-eabi/bin/../lib/gcc/arm-none-eabi/12.3.1/thumb/v7e-m+fp/hard/crtn.o
 *(.fini)
 .fini          0x0800d72c        0x4 /Applications/ArmGNUToolchain/12.3.rel1/arm-none-eabi/bin/../lib/gcc/arm-none-eabi/12.3.1/thumb/v7e-m+fp/hard/crti.o
                0x0800d72c                _fini
 .fini          0x0800d730        0x8 /Applications/ArmGNUToolchain/12.3.rel1/arm-none-eabi/bin/../lib/gcc/arm-none-eabi/12.3.1/thumb/v7e-m+fp/hard/crtn.o
                0x0800d738                        . = ALIGN (0x4)
                0x0800d738                        _etext = .

.vfp11_veneer   0x0800d738        0x0
 .vfp11_veneer  0x0800d738        0x0 linker stubs

.v4_bx          0x0800d738        0x0
 .v4_bx         0x0800d738        0x0 linker stubs

.iplt           0x0800d738        0x0
 .iplt          0x0800d738        0x0 /Applications/ArmGNUToolchain/12.3.rel1/arm-none-eabi/bin/../lib/gcc/arm-none-eabi/12.3.1/thumb/v7e-m+fp/hard/crtbegin.o

.rodata         0x0800d738      0xa48
                0x0800d738                        . = ALIGN (0x4)
 *(.rodata)
 *(.rodata*)
 .rodata.ThrottleDataCallback.str1.4
                0x0800d738       0x41 CMakeFiles/UOSM-Motor-Controller-MCU-L432.elf.dir/Core/Modules/CANCallbacks.c.obj
 *fill*         0x0800d779        0x3 
 .rodata.EventDataCallback.str1.4
                0x0800d77c       0x81 CMakeFiles/UOSM-Motor-Controller-MCU-L432.elf.dir/Core/Modules/CANCallbacks.c.obj
 *fill*         0x0800d7fd        0x3 
 .rodata.SystemSetThrottlePercentage.str1.4
                0x0800d800       0x1b CMakeFiles/UOSM-Motor-Controller-MCU-L432.elf.dir/Core/Modules/DataAggregationModule.c.obj
 *fill*         0x0800d81b        0x1 
 .rodata.SystemGetThrottleError.str1.4
                0x0800d81c       0x1a CMakeFiles/UOSM-Motor-Controller-MCU-L432.elf.dir/Core/Modules/DataAggregationModule.c.obj
 *fill*         0x0800d836        0x2 
 .rodata.SystemSetThrottleError.str1.4
                0x0800d838       0x1a CMakeFiles/UOSM-Motor-Controller-MCU-L432.elf.dir/Core/Modules/DataAggregationModule.c.obj
 *fill*         0x0800d852        0x2 
 .rodata.Safety_SetThrottlePercentage.str1.4
                0x0800d854       0x11 CMakeFiles/UOSM-Motor-Controller-MCU-L432.elf.dir/Core/Modules/SafetyModule.c.obj
 *fill*         0x0800d865        0x3 
 .rodata.SFT_TAG
                0x0800d868        0x6 CMakeFiles/UOSM-Motor-Controller-MCU-L432.elf.dir/Core/Modules/SafetyModule.c.obj
 *fill*         0x0800d86e        0x2 
 .rodata.str1.4
                0x0800d870        0xc CMakeFiles/UOSM-Motor-Controller-MCU-L432.elf.dir/Core/Src/main.c.obj
 .rodata.defaultTask_attributes
                0x0800d87c       0x24 CMakeFiles/UOSM-Motor-Controller-MCU-L432.elf.dir/Core/Src/main.c.obj
                0x0800d87c                defaultTask_attributes
 .rodata.MSIRangeTable
                0x0800d8a0       0x30 CMakeFiles/UOSM-Motor-Controller-MCU-L432.elf.dir/Core/Src/system_stm32l4xx.c.obj
                0x0800d8a0                MSIRangeTable
 .rodata.APBPrescTable
                0x0800d8d0        0x8 CMakeFiles/UOSM-Motor-Controller-MCU-L432.elf.dir/Core/Src/system_stm32l4xx.c.obj
                0x0800d8d0                APBPrescTable
 .rodata.AHBPrescTable
                0x0800d8d8       0x10 CMakeFiles/UOSM-Motor-Controller-MCU-L432.elf.dir/Core/Src/system_stm32l4xx.c.obj
                0x0800d8d8                AHBPrescTable
 .rodata.InternalCommsTask.str1.4
                0x0800d8e8       0x6a CMakeFiles/UOSM-Motor-Controller-MCU-L432.elf.dir/Core/Tasks/InternalCommsTask.c.obj
 *fill*         0x0800d952        0x2 
 .rodata.str1.4
                0x0800d954       0x17 CMakeFiles/UOSM-Motor-Controller-MCU-L432.elf.dir/Core/Tasks/InternalCommsTask.c.obj
 *fill*         0x0800d96b        0x1 
 .rodata.InternalCommsTask_attributes
                0x0800d96c       0x24 CMakeFiles/UOSM-Motor-Controller-MCU-L432.elf.dir/Core/Tasks/InternalCommsTask.c.obj
                0x0800d96c                InternalCommsTask_attributes
 .rodata.ICT_TAG
                0x0800d990        0x6 CMakeFiles/UOSM-Motor-Controller-MCU-L432.elf.dir/Core/Tasks/InternalCommsTask.c.obj
                0x0800d990                ICT_TAG
 *fill*         0x0800d996        0x2 
 .rodata.MotorTask.str1.4
                0x0800d998       0x73 CMakeFiles/UOSM-Motor-Controller-MCU-L432.elf.dir/Core/Tasks/MotorTask.c.obj
 .rodata.str1.4
                0x0800da0b       0x73 CMakeFiles/UOSM-Motor-Controller-MCU-L432.elf.dir/Core/Tasks/MotorTask.c.obj
                                  0xa (size before relaxing)
 *fill*         0x0800da0b        0x1 
 .rodata.MotorTask_attributes
                0x0800da0c       0x24 CMakeFiles/UOSM-Motor-Controller-MCU-L432.elf.dir/Core/Tasks/MotorTask.c.obj
                0x0800da0c                MotorTask_attributes
 .rodata.MOT_TAG
                0x0800da30        0x6 CMakeFiles/UOSM-Motor-Controller-MCU-L432.elf.dir/Core/Tasks/MotorTask.c.obj
                0x0800da30                MOT_TAG
 *fill*         0x0800da36        0x2 
 .rodata.SafetyTask.str1.4
                0x0800da38       0x45 CMakeFiles/UOSM-Motor-Controller-MCU-L432.elf.dir/Core/Tasks/SafetyTask.c.obj
 *fill*         0x0800da7d        0x3 
 .rodata.str1.4
                0x0800da80        0xb CMakeFiles/UOSM-Motor-Controller-MCU-L432.elf.dir/Core/Tasks/SafetyTask.c.obj
 *fill*         0x0800da8b        0x1 
 .rodata.SafetyTask_attributes
                0x0800da8c       0x24 CMakeFiles/UOSM-Motor-Controller-MCU-L432.elf.dir/Core/Tasks/SafetyTask.c.obj
                0x0800da8c                SafetyTask_attributes
 .rodata.SFT_TAG
                0x0800dab0        0x6 CMakeFiles/UOSM-Motor-Controller-MCU-L432.elf.dir/Core/Tasks/SafetyTask.c.obj
                0x0800dab0                SFT_TAG
 *fill*         0x0800dab6        0x2 
 .rodata.tmc4671_readwriteByte.str1.4
                0x0800dab8       0x32 CMakeFiles/UOSM-Motor-Controller-MCU-L432.elf.dir/Core/UserDrivers/SPIMotorDriver.c.obj
 *fill*         0x0800daea        0x2 
 .rodata.MotorInit.str1.4
                0x0800daec      0x113 CMakeFiles/UOSM-Motor-Controller-MCU-L432.elf.dir/Core/UserDrivers/SPIMotorDriver.c.obj
 *fill*         0x0800dbff        0x1 
 .rodata.MotorPeriodicJob.str1.4
                0x0800dc00       0x1c CMakeFiles/UOSM-Motor-Controller-MCU-L432.elf.dir/Core/UserDrivers/SPIMotorDriver.c.obj
 .rodata.MotorPrintFaults.str1.4
                0x0800dc1c        0xd CMakeFiles/UOSM-Motor-Controller-MCU-L432.elf.dir/Core/UserDrivers/SPIMotorDriver.c.obj
 *fill*         0x0800dc29        0x3 
 .rodata.vTaskStartScheduler.str1.4
                0x0800dc2c        0x5 CMakeFiles/UOSM-Motor-Controller-MCU-L432.elf.dir/Middlewares/Third_Party/FreeRTOS/Source/tasks.c.obj
 *fill*         0x0800dc31        0x3 
 .rodata.xTimerCreateTimerTask.str1.4
                0x0800dc34       0x10 CMakeFiles/UOSM-Motor-Controller-MCU-L432.elf.dir/Middlewares/Third_Party/FreeRTOS/Source/timers.c.obj
 .rodata.CANSPI_Receive.str1.4
                0x0800dc44       0x29 CMakeFiles/UOSM-Motor-Controller-MCU-L432.elf.dir/UOSM-Core/Drivers/CANDriver.c.obj
 *fill*         0x0800dc6d        0x3 
 .rodata.MCP2515_Initialize.str1.4
                0x0800dc70       0x3f CMakeFiles/UOSM-Motor-Controller-MCU-L432.elf.dir/UOSM-Core/Drivers/MCP2515.c.obj
 *fill*         0x0800dcaf        0x1 
 .rodata.CANMessageLookUpTable
                0x0800dcb0       0x50 CMakeFiles/UOSM-Motor-Controller-MCU-L432.elf.dir/UOSM-Core/Modules/CANMessageLookUpModule.c.obj
                0x0800dcb0                CANMessageLookUpTable
 .rodata.IComms_PeriodicReceive.str1.4
                0x0800dd00       0x88 CMakeFiles/UOSM-Motor-Controller-MCU-L432.elf.dir/UOSM-Core/Modules/InternalCommsModule.c.obj
 .rodata._svfprintf_r.str1.4
                0x0800dd88       0x42 /Applications/ArmGNUToolchain/12.3.rel1/arm-none-eabi/bin/../lib/gcc/arm-none-eabi/12.3.1/../../../../arm-none-eabi/lib/thumb/v7e-m+fp/hard/libc.a(libc_a-svfprintf.o)
 *fill*         0x0800ddca        0x2 
 .rodata.zeroes.0
                0x0800ddcc       0x10 /Applications/ArmGNUToolchain/12.3.rel1/arm-none-eabi/bin/../lib/gcc/arm-none-eabi/12.3.1/../../../../arm-none-eabi/lib/thumb/v7e-m+fp/hard/libc.a(libc_a-svfprintf.o)
 .rodata.blanks.1
                0x0800dddc       0x10 /Applications/ArmGNUToolchain/12.3.rel1/arm-none-eabi/bin/../lib/gcc/arm-none-eabi/12.3.1/../../../../arm-none-eabi/lib/thumb/v7e-m+fp/hard/libc.a(libc_a-svfprintf.o)
 .rodata.str1.4
                0x0800ddec       0x48 /Applications/ArmGNUToolchain/12.3.rel1/arm-none-eabi/bin/../lib/gcc/arm-none-eabi/12.3.1/../../../../arm-none-eabi/lib/thumb/v7e-m+fp/hard/libc.a(libc_a-locale.o)
                                 0x4c (size before relaxing)
 .rodata._ctype_
                0x0800de34      0x101 /Applications/ArmGNUToolchain/12.3.rel1/arm-none-eabi/bin/../lib/gcc/arm-none-eabi/12.3.1/../../../../arm-none-eabi/lib/thumb/v7e-m+fp/hard/libc.a(libc_a-ctype_.o)
                0x0800de34                _ctype_
 *fill*         0x0800df35        0x3 
 .rodata._dtoa_r.str1.4
                0x0800df38       0x85 /Applications/ArmGNUToolchain/12.3.rel1/arm-none-eabi/bin/../lib/gcc/arm-none-eabi/12.3.1/../../../../arm-none-eabi/lib/thumb/v7e-m+fp/hard/libc.a(libc_a-dtoa.o)
                                 0x89 (size before relaxing)
 *fill*         0x0800dfbd        0x3 
 .rodata.__multadd.str1.4
                0x0800dfc0       0x62 /Applications/ArmGNUToolchain/12.3.rel1/arm-none-eabi/bin/../lib/gcc/arm-none-eabi/12.3.1/../../../../arm-none-eabi/lib/thumb/v7e-m+fp/hard/libc.a(libc_a-mprec.o)
                                 0x76 (size before relaxing)
 *fill*         0x0800e022        0x2 